Archive member included to satisfy reference by file (symbol)

C:/ST/STM32CubeIDE_1.17.0/STM32CubeIDE/plugins/com.st.stm32cube.ide.mcu.externaltools.gnu-tools-for-stm32.12.3.rel1.win32_1.1.0.202410251130/tools/bin/../lib/gcc/arm-none-eabi/12.3.1/../../../../arm-none-eabi/lib/thumb/v7e-m+fp/hard\libc_nano.a(libc_a-exit.o)
                              C:/ST/STM32CubeIDE_1.17.0/STM32CubeIDE/plugins/com.st.stm32cube.ide.mcu.externaltools.gnu-tools-for-stm32.12.3.rel1.win32_1.1.0.202410251130/tools/bin/../lib/gcc/arm-none-eabi/12.3.1/../../../../arm-none-eabi/lib/thumb/v7e-m+fp/hard/crt0.o (exit)
C:/ST/STM32CubeIDE_1.17.0/STM32CubeIDE/plugins/com.st.stm32cube.ide.mcu.externaltools.gnu-tools-for-stm32.12.3.rel1.win32_1.1.0.202410251130/tools/bin/../lib/gcc/arm-none-eabi/12.3.1/../../../../arm-none-eabi/lib/thumb/v7e-m+fp/hard\libc_nano.a(libc_a-findfp.o)
                              C:/ST/STM32CubeIDE_1.17.0/STM32CubeIDE/plugins/com.st.stm32cube.ide.mcu.externaltools.gnu-tools-for-stm32.12.3.rel1.win32_1.1.0.202410251130/tools/bin/../lib/gcc/arm-none-eabi/12.3.1/../../../../arm-none-eabi/lib/thumb/v7e-m+fp/hard\libc_nano.a(libc_a-exit.o) (__stdio_exit_handler)
C:/ST/STM32CubeIDE_1.17.0/STM32CubeIDE/plugins/com.st.stm32cube.ide.mcu.externaltools.gnu-tools-for-stm32.12.3.rel1.win32_1.1.0.202410251130/tools/bin/../lib/gcc/arm-none-eabi/12.3.1/../../../../arm-none-eabi/lib/thumb/v7e-m+fp/hard\libc_nano.a(libc_a-fwalk.o)
                              C:/ST/STM32CubeIDE_1.17.0/STM32CubeIDE/plugins/com.st.stm32cube.ide.mcu.externaltools.gnu-tools-for-stm32.12.3.rel1.win32_1.1.0.202410251130/tools/bin/../lib/gcc/arm-none-eabi/12.3.1/../../../../arm-none-eabi/lib/thumb/v7e-m+fp/hard\libc_nano.a(libc_a-findfp.o) (_fwalk_sglue)
C:/ST/STM32CubeIDE_1.17.0/STM32CubeIDE/plugins/com.st.stm32cube.ide.mcu.externaltools.gnu-tools-for-stm32.12.3.rel1.win32_1.1.0.202410251130/tools/bin/../lib/gcc/arm-none-eabi/12.3.1/../../../../arm-none-eabi/lib/thumb/v7e-m+fp/hard\libc_nano.a(libc_a-stdio.o)
                              C:/ST/STM32CubeIDE_1.17.0/STM32CubeIDE/plugins/com.st.stm32cube.ide.mcu.externaltools.gnu-tools-for-stm32.12.3.rel1.win32_1.1.0.202410251130/tools/bin/../lib/gcc/arm-none-eabi/12.3.1/../../../../arm-none-eabi/lib/thumb/v7e-m+fp/hard\libc_nano.a(libc_a-findfp.o) (__sread)
C:/ST/STM32CubeIDE_1.17.0/STM32CubeIDE/plugins/com.st.stm32cube.ide.mcu.externaltools.gnu-tools-for-stm32.12.3.rel1.win32_1.1.0.202410251130/tools/bin/../lib/gcc/arm-none-eabi/12.3.1/../../../../arm-none-eabi/lib/thumb/v7e-m+fp/hard\libc_nano.a(libc_a-memset.o)
                              C:/ST/STM32CubeIDE_1.17.0/STM32CubeIDE/plugins/com.st.stm32cube.ide.mcu.externaltools.gnu-tools-for-stm32.12.3.rel1.win32_1.1.0.202410251130/tools/bin/../lib/gcc/arm-none-eabi/12.3.1/../../../../arm-none-eabi/lib/thumb/v7e-m+fp/hard/crt0.o (memset)
C:/ST/STM32CubeIDE_1.17.0/STM32CubeIDE/plugins/com.st.stm32cube.ide.mcu.externaltools.gnu-tools-for-stm32.12.3.rel1.win32_1.1.0.202410251130/tools/bin/../lib/gcc/arm-none-eabi/12.3.1/../../../../arm-none-eabi/lib/thumb/v7e-m+fp/hard\libc_nano.a(libc_a-closer.o)
                              C:/ST/STM32CubeIDE_1.17.0/STM32CubeIDE/plugins/com.st.stm32cube.ide.mcu.externaltools.gnu-tools-for-stm32.12.3.rel1.win32_1.1.0.202410251130/tools/bin/../lib/gcc/arm-none-eabi/12.3.1/../../../../arm-none-eabi/lib/thumb/v7e-m+fp/hard\libc_nano.a(libc_a-stdio.o) (_close_r)
C:/ST/STM32CubeIDE_1.17.0/STM32CubeIDE/plugins/com.st.stm32cube.ide.mcu.externaltools.gnu-tools-for-stm32.12.3.rel1.win32_1.1.0.202410251130/tools/bin/../lib/gcc/arm-none-eabi/12.3.1/../../../../arm-none-eabi/lib/thumb/v7e-m+fp/hard\libc_nano.a(libc_a-reent.o)
                              C:/ST/STM32CubeIDE_1.17.0/STM32CubeIDE/plugins/com.st.stm32cube.ide.mcu.externaltools.gnu-tools-for-stm32.12.3.rel1.win32_1.1.0.202410251130/tools/bin/../lib/gcc/arm-none-eabi/12.3.1/../../../../arm-none-eabi/lib/thumb/v7e-m+fp/hard\libc_nano.a(libc_a-closer.o) (errno)
C:/ST/STM32CubeIDE_1.17.0/STM32CubeIDE/plugins/com.st.stm32cube.ide.mcu.externaltools.gnu-tools-for-stm32.12.3.rel1.win32_1.1.0.202410251130/tools/bin/../lib/gcc/arm-none-eabi/12.3.1/../../../../arm-none-eabi/lib/thumb/v7e-m+fp/hard\libc_nano.a(libc_a-impure.o)
                              C:/ST/STM32CubeIDE_1.17.0/STM32CubeIDE/plugins/com.st.stm32cube.ide.mcu.externaltools.gnu-tools-for-stm32.12.3.rel1.win32_1.1.0.202410251130/tools/bin/../lib/gcc/arm-none-eabi/12.3.1/../../../../arm-none-eabi/lib/thumb/v7e-m+fp/hard\libc_nano.a(libc_a-reent.o) (_impure_ptr)
C:/ST/STM32CubeIDE_1.17.0/STM32CubeIDE/plugins/com.st.stm32cube.ide.mcu.externaltools.gnu-tools-for-stm32.12.3.rel1.win32_1.1.0.202410251130/tools/bin/../lib/gcc/arm-none-eabi/12.3.1/../../../../arm-none-eabi/lib/thumb/v7e-m+fp/hard\libc_nano.a(libc_a-lseekr.o)
[...]
Memory Configuration

Name             Origin             Length             Attributes
RAM              0x20000000         0x00020000         xrw
FLASH            0x08000000         0x00080000         xr
*default*        0x00000000         0xffffffff

Linker script and memory map

LOAD C:/ST/STM32CubeIDE_1.17.0/STM32CubeIDE/plugins/com.st.stm32cube.ide.mcu.externaltools.gnu-tools-for-stm32.12.3.rel1.win32_1.1.0.202410251130/tools/bin/../lib/gcc/arm-none-eabi/12.3.1/thumb/v7e-m+fp/hard/crti.o
LOAD C:/ST/STM32CubeIDE_1.17.0/STM32CubeIDE/plugins/com.st.stm32cube.ide.mcu.externaltools.gnu-tools-for-stm32.12.3.rel1.win32_1.1.0.202410251130/tools/bin/../lib/gcc/arm-none-eabi/12.3.1/thumb/v7e-m+fp/hard/crtbegin.o
LOAD C:/ST/STM32CubeIDE_1.17.0/STM32CubeIDE/plugins/com.st.stm32cube.ide.mcu.externaltools.gnu-tools-for-stm32.12.3.rel1.win32_1.1.0.202410251130/tools/bin/../lib/gcc/arm-none-eabi/12.3.1/../../../../arm-none-eabi/lib/thumb/v7e-m+fp/hard/crt0.o
LOAD ./Core/Src/main.o
LOAD ./Core/Src/stm32f4xx_hal_msp.o
LOAD ./Core/Src/stm32f4xx_it.o
LOAD ./Core/Src/syscalls.o
LOAD ./Core/Src/sysmem.o
LOAD ./Core/Src/system_stm32f4xx.o
LOAD ./Core/Startup/startup_stm32f411ceux.o
LOAD ./Drivers/STM32F4xx_HAL_Driver/Src/stm32f4xx_hal.o
LOAD ./Drivers/STM32F4xx_HAL_Driver/Src/stm32f4xx_hal_cortex.o
LOAD ./Drivers/STM32F4xx_HAL_Driver/Src/stm32f4xx_hal_dma.o
LOAD ./Drivers/STM32F4xx_HAL_Driver/Src/stm32f4xx_hal_dma_ex.o
LOAD ./Drivers/STM32F4xx_HAL_Driver/Src/stm32f4xx_hal_exti.o
LOAD ./Drivers/STM32F4xx_HAL_Driver/Src/stm32f4xx_hal_flash.o
LOAD ./Drivers/STM32F4xx_HAL_Driver/Src/stm32f4xx_hal_flash_ex.o
LOAD ./Drivers/STM32F4xx_HAL_Driver/Src/stm32f4xx_hal_flash_ramfunc.o
LOAD ./Drivers/STM32F4xx_HAL_Driver/Src/stm32f4xx_hal_gpio.o
LOAD ./Drivers/STM32F4xx_HAL_Driver/Src/stm32f4xx_hal_pcd.o
LOAD ./Drivers/STM32F4xx_HAL_Driver/Src/stm32f4xx_hal_pcd_ex.o
LOAD ./Drivers/STM32F4xx_HAL_Driver/Src/stm32f4xx_hal_pwr.o
LOAD ./Drivers/STM32F4xx_HAL_Driver/Src/stm32f4xx_hal_pwr_ex.o
LOAD ./Drivers/STM32F4xx_HAL_Driver/Src/stm32f4xx_hal_rcc.o
LOAD ./Drivers/STM32F4xx_HAL_Driver/Src/stm32f4xx_hal_rcc_ex.o
LOAD ./Drivers/STM32F4xx_HAL_Driver/Src/stm32f4xx_ll_usb.o
LOAD ./Middlewares/ST/STM32_USB_Device_Library/Class/CustomHID/Src/usbd_customhid.o
LOAD ./Middlewares/ST/STM32_USB_Device_Library/Core/Src/usbd_core.o
LOAD ./Middlewares/ST/STM32_USB_Device_Library/Core/Src/usbd_ctlreq.o
LOAD ./Middlewares/ST/STM32_USB_Device_Library/Core/Src/usbd_ioreq.o
LOAD ./USB_DEVICE/App/usb_device.o
LOAD ./USB_DEVICE/App/usbd_custom_hid_if.o
LOAD ./USB_DEVICE/App/usbd_desc.o
LOAD ./USB_DEVICE/Target/usbd_conf.o
START GROUP
LOAD C:/ST/STM32CubeIDE_1.17.0/STM32CubeIDE/plugins/com.st.stm32cube.ide.mcu.externaltools.gnu-tools-for-stm32.12.3.rel1.win32_1.1.0.202410251130/tools/bin/../lib/gcc/arm-none-eabi/12.3.1/../../../../arm-none-eabi/lib/thumb/v7e-m+fp/hard\libc_nano.a
LOAD C:/ST/STM32CubeIDE_1.17.0/STM32CubeIDE/plugins/com.st.stm32cube.ide.mcu.externaltools.gnu-tools-for-stm32.12.3.rel1.win32_1.1.0.202410251130/tools/bin/../lib/gcc/arm-none-eabi/12.3.1/../../../../arm-none-eabi/lib/thumb/v7e-m+fp/hard\libm.a
END GROUP
START GROUP
LOAD C:/ST/STM32CubeIDE_1.17.0/STM32CubeIDE/plugins/com.st.stm32cube.ide.mcu.externaltools.gnu-tools-for-stm32.12.3.rel1.win32_1.1.0.202410251130/tools/bin/../lib/gcc/arm-none-eabi/12.3.1/thumb/v7e-m+fp/hard\libgcc.a
LOAD C:/ST/STM32CubeIDE_1.17.0/STM32CubeIDE/plugins/com.st.stm32cube.ide.mcu.externaltools.gnu-tools-for-stm32.12.3.rel1.win32_1.1.0.202410251130/tools/bin/../lib/gcc/arm-none-eabi/12.3.1/../../../../arm-none-eabi/lib/thumb/v7e-m+fp/hard\libc_nano.a
END GROUP
START GROUP
LOAD C:/ST/STM32CubeIDE_1.17.0/STM32CubeIDE/plugins/com.st.stm32cube.ide.mcu.externaltools.gnu-tools-for-stm32.12.3.rel1.win32_1.1.0.202410251130/tools/bin/../lib/gcc/arm-none-eabi/12.3.1/thumb/v7e-m+fp/hard\libgcc.a
LOAD C:/ST/STM32CubeIDE_1.17.0/STM32CubeIDE/plugins/com.st.stm32cube.ide.mcu.externaltools.gnu-tools-for-stm32.12.3.rel1.win32_1.1.0.202410251130/tools/bin/../lib/gcc/arm-none-eabi/12.3.1/../../../../arm-none-eabi/lib/thumb/v7e-m+fp/hard\libc_nano.a
LOAD C:/ST/STM32CubeIDE_1.17.0/STM32CubeIDE/plugins/com.st.stm32cube.ide.mcu.externaltools.gnu-tools-for-stm32.12.3.rel1.win32_1.1.0.202410251130/tools/bin/../lib/gcc/arm-none-eabi/12.3.1/../../../../arm-none-eabi/lib/thumb/v7e-m+fp/hard\libnosys.a
END GROUP
START GROUP
LOAD C:/ST/STM32CubeIDE_1.17.0/STM32CubeIDE/plugins/com.st.stm32cube.ide.mcu.externaltools.gnu-tools-for-stm32.12.3.rel1.win32_1.1.0.202410251130/tools/bin/../lib/gcc/arm-none-eabi/12.3.1/thumb/v7e-m+fp/hard\libgcc.a
LOAD C:/ST/STM32CubeIDE_1.17.0/STM32CubeIDE/plugins/com.st.stm32cube.ide.mcu.externaltools.gnu-tools-for-stm32.12.3.rel1.win32_1.1.0.202410251130/tools/bin/../lib/gcc/arm-none-eabi/12.3.1/../../../../arm-none-eabi/lib/thumb/v7e-m+fp/hard\libc_nano.a
LOAD C:/ST/STM32CubeIDE_1.17.0/STM32CubeIDE/plugins/com.st.stm32cube.ide.mcu.externaltools.gnu-tools-for-stm32.12.3.rel1.win32_1.1.0.202410251130/tools/bin/../lib/gcc/arm-none-eabi/12.3.1/../../../../arm-none-eabi/lib/thumb/v7e-m+fp/hard\libnosys.a
END GROUP
LOAD C:/ST/STM32CubeIDE_1.17.0/STM32CubeIDE/plugins/com.st.stm32cube.ide.mcu.externaltools.gnu-tools-for-stm32.12.3.rel1.win32_1.1.0.202410251130/tools/bin/../lib/gcc/arm-none-eabi/12.3.1/thumb/v7e-m+fp/hard/crtend.o
LOAD C:/ST/STM32CubeIDE_1.17.0/STM32CubeIDE/plugins/com.st.stm32cube.ide.mcu.externaltools.gnu-tools-for-stm32.12.3.rel1.win32_1.1.0.202410251130/tools/bin/../lib/gcc/arm-none-eabi/12.3.1/thumb/v7e-m+fp/hard/crtn.o
                0x20020000                        _estack = (ORIGIN (RAM) + LENGTH (RAM))
                0x00000200                        _Min_Heap_Size = 0x200
                0x00000400                        _Min_Stack_Size = 0x400

.isr_vector     0x08000000      0x198
                0x08000000                        . = ALIGN (0x4)
 *(.isr_vector)
 .isr_vector    0x08000000      0x198 ./Core/Startup/startup_stm32f411ceux.o
                0x08000000                g_pfnVectors
                0x08000198                        . = ALIGN (0x4)

.text           0x08000198     0x67fc
                0x08000198                        . = ALIGN (0x4)
 *(.text)
 .text          0x08000198       0x40 C:/ST/STM32CubeIDE_1.17.0/STM32CubeIDE/plugins/com.st.stm32cube.ide.mcu.externaltools.gnu-tools-for-stm32.12.3.rel1.win32_1.1.0.202410251130/tools/bin/../lib/gcc/arm-none-eabi/12.3.1/thumb/v7e-m+fp/hard/crtbegin.o
 .text          0x080001d8       0x30 C:/ST/STM32CubeIDE_1.17.0/STM32CubeIDE/plugins/com.st.stm32cube.ide.mcu.externaltools.gnu-tools-for-stm32.12.3.rel1.win32_1.1.0.202410251130/tools/bin/../lib/gcc/arm-none-eabi/12.3.1/thumb/v7e-m+fp/hard\libgcc.a(_aeabi_uldivmod.o)
                0x080001d8                __aeabi_uldivmod
 .text          0x08000208      0x2bc C:/ST/STM32CubeIDE_1.17.0/STM32CubeIDE/plugins/com.st.stm32cube.ide.mcu.externaltools.gnu-tools-for-stm32.12.3.rel1.win32_1.1.0.202410251130/tools/bin/../lib/gcc/arm-none-eabi/12.3.1/thumb/v7e-m+fp/hard\libgcc.a(_udivmoddi4.o)
                0x08000208                __udivmoddi4
 .text          0x080004c4        0x4 C:/ST/STM32CubeIDE_1.17.0/STM32CubeIDE/plugins/com.st.stm32cube.ide.mcu.externaltools.gnu-tools-for-stm32.12.3.rel1.win32_1.1.0.202410251130/tools/bin/../lib/gcc/arm-none-eabi/12.3.1/thumb/v7e-m+fp/hard\libgcc.a(_dvmd_tls.o)
                0x080004c4                __aeabi_idiv0
                0x080004c4                __aeabi_ldiv0
 *(.text*)
 .text.send_key.0
                0x080004c8       0x5e ./Core/Src/main.o
 *fill*         0x08000526        0x2 
 .text.main     0x08000528       0x90 ./Core/Src/main.o
                0x08000528                main
 .text.SystemClock_Config
                0x080005b8       0xd0 ./Core/Src/main.o
                0x080005b8                SystemClock_Config
 .text.MX_GPIO_Init
                0x08000688       0xa4 ./Core/Src/main.o
 .text.Error_Handler
                0x0800072c        0xc ./Core/Src/main.o
                0x0800072c                Error_Handler
 .text.HAL_MspInit
                0x08000738       0x50 ./Core/Src/stm32f4xx_hal_msp.o
                0x08000738                HAL_MspInit
 .text.NMI_Handler
                0x08000788        0x8 ./Core/Src/stm32f4xx_it.o
                0x08000788                NMI_Handler
 .text.HardFault_Handler
                0x08000790        0x8 ./Core/Src/stm32f4xx_it.o
                0x08000790                HardFault_Handler
 .text.MemManage_Handler
                0x08000798        0x8 ./Core/Src/stm32f4xx_it.o
                0x08000798                MemManage_Handler
 .text.BusFault_Handler
                0x080007a0        0x8 ./Core/Src/stm32f4xx_it.o
                0x080007a0                BusFault_Handler
 .text.UsageFault_Handler
                0x080007a8        0x8 ./Core/Src/stm32f4xx_it.o
                0x080007a8                UsageFault_Handler
 .text.SVC_Handler
                0x080007b0        0xe ./Core/Src/stm32f4xx_it.o
                0x080007b0                SVC_Handler
 .text.DebugMon_Handler
                0x080007be        0xe ./Core/Src/stm32f4xx_it.o
                0x080007be                DebugMon_Handler
 .text.PendSV_Handler
                0x080007cc        0xe ./Core/Src/stm32f4xx_it.o
                0x080007cc                PendSV_Handler
 .text.SysTick_Handler
                0x080007da        0xc ./Core/Src/stm32f4xx_it.o
                0x080007da                SysTick_Handler
 *fill*         0x080007e6        0x2 
 .text.OTG_FS_IRQHandler
                0x080007e8       0x14 ./Core/Src/stm32f4xx_it.o
                0x080007e8                OTG_FS_IRQHandler
 .text.SystemInit
                0x080007fc       0x24 ./Core/Src/system_stm32f4xx.o
                0x080007fc                SystemInit
 .text.Reset_Handler
                0x08000820       0x50 ./Core/Startup/startup_stm32f411ceux.o
                0x08000820                Reset_Handler
 .text.Default_Handler
                0x08000870        0x2 ./Core/Startup/startup_stm32f411ceux.o
                0x08000870                RTC_Alarm_IRQHandler
                0x08000870                EXTI2_IRQHandler
                0x08000870                SPI4_IRQHandler
                0x08000870                TIM1_CC_IRQHandler
                0x08000870                DMA2_Stream5_IRQHandler
                0x08000870                DMA1_Stream5_IRQHandler
                0x08000870                PVD_IRQHandler
                0x08000870                SDIO_IRQHandler
                0x08000870                TAMP_STAMP_IRQHandler
                0x08000870                EXTI3_IRQHandler
                0x08000870                TIM1_UP_TIM10_IRQHandler
                0x08000870                I2C3_ER_IRQHandler
                0x08000870                EXTI0_IRQHandler
                0x08000870                I2C2_EV_IRQHandler
                0x08000870                DMA1_Stream2_IRQHandler
                0x08000870                FPU_IRQHandler
                0x08000870                DMA2_Stream2_IRQHandler
                0x08000870                SPI1_IRQHandler
                0x08000870                TIM1_BRK_TIM9_IRQHandler
                0x08000870                DMA2_Stream3_IRQHandler
                0x08000870                USART6_IRQHandler
                0x08000870                DMA2_Stream0_IRQHandler
                0x08000870                TIM4_IRQHandler
                0x08000870                I2C1_EV_IRQHandler
                0x08000870                DMA1_Stream6_IRQHandler
                0x08000870                DMA1_Stream1_IRQHandler
                0x08000870                TIM3_IRQHandler
                0x08000870                RCC_IRQHandler
                0x08000870                Default_Handler
                0x08000870                EXTI15_10_IRQHandler
                0x08000870                ADC_IRQHandler
                0x08000870                DMA1_Stream7_IRQHandler
                0x08000870                SPI5_IRQHandler
                0x08000870                TIM5_IRQHandler
                0x08000870                DMA2_Stream7_IRQHandler
                0x08000870                I2C3_EV_IRQHandler
                0x08000870                EXTI9_5_IRQHandler
                0x08000870                RTC_WKUP_IRQHandler
                0x08000870                SPI2_IRQHandler
                0x08000870                DMA1_Stream0_IRQHandler
                0x08000870                EXTI4_IRQHandler
                0x08000870                WWDG_IRQHandler
                0x08000870                TIM2_IRQHandler
                0x08000870                OTG_FS_WKUP_IRQHandler
                0x08000870                TIM1_TRG_COM_TIM11_IRQHandler
                0x08000870                EXTI1_IRQHandler
                0x08000870                USART2_IRQHandler
                0x08000870                I2C2_ER_IRQHandler
                0x08000870                DMA2_Stream1_IRQHandler
                0x08000870                FLASH_IRQHandler
                0x08000870                DMA2_Stream4_IRQHandler
                0x08000870                USART1_IRQHandler
                0x08000870                SPI3_IRQHandler
                0x08000870                DMA1_Stream4_IRQHandler
                0x08000870                I2C1_ER_IRQHandler
                0x08000870                DMA2_Stream6_IRQHandler
                0x08000870                DMA1_Stream3_IRQHandler
 *fill*         0x08000872        0x2 
 .text.HAL_Init
                0x08000874       0x44 ./Drivers/STM32F4xx_HAL_Driver/Src/stm32f4xx_hal.o
                0x08000874                HAL_Init
 .text.HAL_InitTick
                0x080008b8       0x60 ./Drivers/STM32F4xx_HAL_Driver/Src/stm32f4xx_hal.o
                0x080008b8                HAL_InitTick
 .text.HAL_IncTick
                0x08000918       0x28 ./Drivers/STM32F4xx_HAL_Driver/Src/stm32f4xx_hal.o
                0x08000918                HAL_IncTick
 .text.HAL_GetTick
                0x08000940       0x18 ./Drivers/STM32F4xx_HAL_Driver/Src/stm32f4xx_hal.o
                0x08000940                HAL_GetTick
 .text.HAL_Delay
                0x08000958       0x48 ./Drivers/STM32F4xx_HAL_Driver/Src/stm32f4xx_hal.o
                0x08000958                HAL_Delay
 .text.__NVIC_SetPriorityGrouping
                0x080009a0       0x48 ./Drivers/STM32F4xx_HAL_Driver/Src/stm32f4xx_hal_cortex.o
 .text.__NVIC_GetPriorityGrouping
                0x080009e8       0x1c ./Drivers/STM32F4xx_HAL_Driver/Src/stm32f4xx_hal_cortex.o
 .text.__NVIC_EnableIRQ
                0x08000a04       0x3c ./Drivers/STM32F4xx_HAL_Driver/Src/stm32f4xx_hal_cortex.o
 .text.__NVIC_SetPriority
                0x08000a40       0x54 ./Drivers/STM32F4xx_HAL_Driver/Src/stm32f4xx_hal_cortex.o
 .text.NVIC_EncodePriority
                0x08000a94       0x66 ./Drivers/STM32F4xx_HAL_Driver/Src/stm32f4xx_hal_cortex.o
 *fill*         0x08000afa        0x2 
 .text.SysTick_Config
                0x08000afc       0x44 ./Drivers/STM32F4xx_HAL_Driver/Src/stm32f4xx_hal_cortex.o
 .text.HAL_NVIC_SetPriorityGrouping
                0x08000b40       0x16 ./Drivers/STM32F4xx_HAL_Driver/Src/stm32f4xx_hal_cortex.o
                0x08000b40                HAL_NVIC_SetPriorityGrouping
 .text.HAL_NVIC_SetPriority
                0x08000b56       0x38 ./Drivers/STM32F4xx_HAL_Driver/Src/stm32f4xx_hal_cortex.o
                0x08000b56                HAL_NVIC_SetPriority
 .text.HAL_NVIC_EnableIRQ
                0x08000b8e       0x1c ./Drivers/STM32F4xx_HAL_Driver/Src/stm32f4xx_hal_cortex.o
                0x08000b8e                HAL_NVIC_EnableIRQ
 .text.HAL_SYSTICK_Config
                0x08000baa       0x18 ./Drivers/STM32F4xx_HAL_Driver/Src/stm32f4xx_hal_cortex.o
                0x08000baa                HAL_SYSTICK_Config
 *fill*         0x08000bc2        0x2 
 .text.HAL_GPIO_Init
                0x08000bc4      0x308 ./Drivers/STM32F4xx_HAL_Driver/Src/stm32f4xx_hal_gpio.o
                0x08000bc4                HAL_GPIO_Init
 .text.HAL_GPIO_WritePin
                0x08000ecc       0x32 ./Drivers/STM32F4xx_HAL_Driver/Src/stm32f4xx_hal_gpio.o
                0x08000ecc                HAL_GPIO_WritePin
 .text.HAL_GPIO_TogglePin
                0x08000efe       0x34 ./Drivers/STM32F4xx_HAL_Driver/Src/stm32f4xx_hal_gpio.o
                0x08000efe                HAL_GPIO_TogglePin
 .text.HAL_PCD_Init
                0x08000f32      0x21e ./Drivers/STM32F4xx_HAL_Driver/Src/stm32f4xx_hal_pcd.o
                0x08000f32                HAL_PCD_Init
 .text.HAL_PCD_Start
                0x08001150       0x6a ./Drivers/STM32F4xx_HAL_Driver/Src/stm32f4xx_hal_pcd.o
                0x08001150                HAL_PCD_Start
 .text.HAL_PCD_IRQHandler
                0x080011ba      0x942 ./Drivers/STM32F4xx_HAL_Driver/Src/stm32f4xx_hal_pcd.o
                0x080011ba                HAL_PCD_IRQHandler
 .text.HAL_PCD_SetAddress
                0x08001afc       0x48 ./Drivers/STM32F4xx_HAL_Driver/Src/stm32f4xx_hal_pcd.o
                0x08001afc                HAL_PCD_SetAddress
 .text.HAL_PCD_EP_Open
                0x08001b44       0xd4 ./Drivers/STM32F4xx_HAL_Driver/Src/stm32f4xx_hal_pcd.o
                0x08001b44                HAL_PCD_EP_Open
 .text.HAL_PCD_EP_Close
                0x08001c18       0x94 ./Drivers/STM32F4xx_HAL_Driver/Src/stm32f4xx_hal_pcd.o
                0x08001c18                HAL_PCD_EP_Close
 .text.HAL_PCD_EP_Receive
                0x08001cac       0x76 ./Drivers/STM32F4xx_HAL_Driver/Src/stm32f4xx_hal_pcd.o
                0x08001cac                HAL_PCD_EP_Receive
 .text.HAL_PCD_EP_Transmit
                0x08001d22       0x74 ./Drivers/STM32F4xx_HAL_Driver/Src/stm32f4xx_hal_pcd.o
                0x08001d22                HAL_PCD_EP_Transmit
 .text.HAL_PCD_EP_SetStall
                0x08001d96       0xc6 ./Drivers/STM32F4xx_HAL_Driver/Src/stm32f4xx_hal_pcd.o
                0x08001d96                HAL_PCD_EP_SetStall
 .text.HAL_PCD_EP_ClrStall
                0x08001e5c       0xac ./Drivers/STM32F4xx_HAL_Driver/Src/stm32f4xx_hal_pcd.o
                0x08001e5c                HAL_PCD_EP_ClrStall
 .text.HAL_PCD_EP_Abort
                0x08001f08       0x62 ./Drivers/STM32F4xx_HAL_Driver/Src/stm32f4xx_hal_pcd.o
                0x08001f08                HAL_PCD_EP_Abort
 .text.PCD_WriteEmptyTxFifo
                0x08001f6a      0x118 ./Drivers/STM32F4xx_HAL_Driver/Src/stm32f4xx_hal_pcd.o
 *fill*         0x08002082        0x2 
 .text.PCD_EP_OutXfrComplete_int
                0x08002084      0x1d0 ./Drivers/STM32F4xx_HAL_Driver/Src/stm32f4xx_hal_pcd.o
 .text.PCD_EP_OutSetupPacket_int
                0x08002254       0x8c ./Drivers/STM32F4xx_HAL_Driver/Src/stm32f4xx_hal_pcd.o
 .text.HAL_PCDEx_SetTxFiFo
                0x080022e0       0x8e ./Drivers/STM32F4xx_HAL_Driver/Src/stm32f4xx_hal_pcd_ex.o
                0x080022e0                HAL_PCDEx_SetTxFiFo
 .text.HAL_PCDEx_SetRxFiFo
                0x0800236e       0x22 ./Drivers/STM32F4xx_HAL_Driver/Src/stm32f4xx_hal_pcd_ex.o
                0x0800236e                HAL_PCDEx_SetRxFiFo
 .text.HAL_PCDEx_LPM_Callback
                0x08002390       0x18 ./Drivers/STM32F4xx_HAL_Driver/Src/stm32f4xx_hal_pcd_ex.o
                0x08002390                HAL_PCDEx_LPM_Callback
 .text.HAL_RCC_OscConfig
                0x080023a8      0x4f0 ./Drivers/STM32F4xx_HAL_Driver/Src/stm32f4xx_hal_rcc.o
                0x080023a8                HAL_RCC_OscConfig
 .text.HAL_RCC_ClockConfig
                0x08002898      0x1cc ./Drivers/STM32F4xx_HAL_Driver/Src/stm32f4xx_hal_rcc.o
                0x08002898                HAL_RCC_ClockConfig
 .text.HAL_RCC_GetSysClockFreq
                0x08002a64      0x18c ./Drivers/STM32F4xx_HAL_Driver/Src/stm32f4xx_hal_rcc.o
                0x08002a64                HAL_RCC_GetSysClockFreq
 .text.HAL_RCC_GetHCLKFreq
                0x08002bf0       0x18 ./Drivers/STM32F4xx_HAL_Driver/Src/stm32f4xx_hal_rcc.o
                0x08002bf0                HAL_RCC_GetHCLKFreq
 .text.USB_CoreInit
                0x08002c08       0xc8 ./Drivers/STM32F4xx_HAL_Driver/Src/stm32f4xx_ll_usb.o
                0x08002c08                USB_CoreInit
 .text.USB_SetTurnaroundTime
                0x08002cd0      0x144 ./Drivers/STM32F4xx_HAL_Driver/Src/stm32f4xx_ll_usb.o
                0x08002cd0                USB_SetTurnaroundTime
 .text.USB_EnableGlobalInt
                0x08002e14       0x22 ./Drivers/STM32F4xx_HAL_Driver/Src/stm32f4xx_ll_usb.o
                0x08002e14                USB_EnableGlobalInt
 .text.USB_DisableGlobalInt
                0x08002e36       0x22 ./Drivers/STM32F4xx_HAL_Driver/Src/stm32f4xx_ll_usb.o
                0x08002e36                USB_DisableGlobalInt
 .text.USB_SetCurrentMode
                0x08002e58       0x98 ./Drivers/STM32F4xx_HAL_Driver/Src/stm32f4xx_ll_usb.o
                0x08002e58                USB_SetCurrentMode
 .text.USB_DevInit
                0x08002ef0      0x2c8 ./Drivers/STM32F4xx_HAL_Driver/Src/stm32f4xx_ll_usb.o
                0x08002ef0                USB_DevInit
 .text.USB_FlushTxFifo
                0x080031b8       0x64 ./Drivers/STM32F4xx_HAL_Driver/Src/stm32f4xx_ll_usb.o
                0x080031b8                USB_FlushTxFifo
 .text.USB_FlushRxFifo
                0x0800321c       0x5c ./Drivers/STM32F4xx_HAL_Driver/Src/stm32f4xx_ll_usb.o
                0x0800321c                USB_FlushRxFifo
 .text.USB_SetDevSpeed
                0x08003278       0x32 ./Drivers/STM32F4xx_HAL_Driver/Src/stm32f4xx_ll_usb.o
                0x08003278                USB_SetDevSpeed
 .text.USB_GetDevSpeed
                0x080032aa       0x4a ./Drivers/STM32F4xx_HAL_Driver/Src/stm32f4xx_ll_usb.o
                0x080032aa                USB_GetDevSpeed
 .text.USB_ActivateEndpoint
                0x080032f4      0x10e ./Drivers/STM32F4xx_HAL_Driver/Src/stm32f4xx_ll_usb.o
                0x080032f4                USB_ActivateEndpoint
 *fill*         0x08003402        0x2 
 .text.USB_DeactivateEndpoint
                0x08003404      0x1b8 ./Drivers/STM32F4xx_HAL_Driver/Src/stm32f4xx_ll_usb.o
                0x08003404                USB_DeactivateEndpoint
 .text.USB_EPStartXfer
                0x080035bc      0x53c ./Drivers/STM32F4xx_HAL_Driver/Src/stm32f4xx_ll_usb.o
                0x080035bc                USB_EPStartXfer
 .text.USB_EPStopXfer
                0x08003af8      0x154 ./Drivers/STM32F4xx_HAL_Driver/Src/stm32f4xx_ll_usb.o
                0x08003af8                USB_EPStopXfer
 .text.USB_WritePacket
                0x08003c4c       0x7c ./Drivers/STM32F4xx_HAL_Driver/Src/stm32f4xx_ll_usb.o
                0x08003c4c                USB_WritePacket
 .text.USB_ReadPacket
                0x08003cc8       0xb0 ./Drivers/STM32F4xx_HAL_Driver/Src/stm32f4xx_ll_usb.o
                0x08003cc8                USB_ReadPacket
 .text.USB_EPSetStall
                0x08003d78       0xdc ./Drivers/STM32F4xx_HAL_Driver/Src/stm32f4xx_ll_usb.o
                0x08003d78                USB_EPSetStall
 .text.USB_EPClearStall
                0x08003e54       0xcc ./Drivers/STM32F4xx_HAL_Driver/Src/stm32f4xx_ll_usb.o
                0x08003e54                USB_EPClearStall
 .text.USB_SetDevAddress
                0x08003f20       0x4c ./Drivers/STM32F4xx_HAL_Driver/Src/stm32f4xx_ll_usb.o
                0x08003f20                USB_SetDevAddress
 .text.USB_DevConnect
                0x08003f6c       0x42 ./Drivers/STM32F4xx_HAL_Driver/Src/stm32f4xx_ll_usb.o
                0x08003f6c                USB_DevConnect
 .text.USB_DevDisconnect
                0x08003fae       0x42 ./Drivers/STM32F4xx_HAL_Driver/Src/stm32f4xx_ll_usb.o
                0x08003fae                USB_DevDisconnect
 .text.USB_ReadInterrupts
                0x08003ff0       0x26 ./Drivers/STM32F4xx_HAL_Driver/Src/stm32f4xx_ll_usb.o
                0x08003ff0                USB_ReadInterrupts
 .text.USB_ReadDevAllOutEpInterrupt
                0x08004016       0x34 ./Drivers/STM32F4xx_HAL_Driver/Src/stm32f4xx_ll_usb.o
                0x08004016                USB_ReadDevAllOutEpInterrupt
 .text.USB_ReadDevAllInEpInterrupt
                0x0800404a       0x34 ./Drivers/STM32F4xx_HAL_Driver/Src/stm32f4xx_ll_usb.o
                0x0800404a                USB_ReadDevAllInEpInterrupt
 .text.USB_ReadDevOutEPInterrupt
                0x0800407e       0x3c ./Drivers/STM32F4xx_HAL_Driver/Src/stm32f4xx_ll_usb.o
                0x0800407e                USB_ReadDevOutEPInterrupt
 .text.USB_ReadDevInEPInterrupt
                0x080040ba       0x5c ./Drivers/STM32F4xx_HAL_Driver/Src/stm32f4xx_ll_usb.o
                0x080040ba                USB_ReadDevInEPInterrupt
 .text.USB_GetMode
                0x08004116       0x1c ./Drivers/STM32F4xx_HAL_Driver/Src/stm32f4xx_ll_usb.o
                0x08004116                USB_GetMode
 .text.USB_ActivateSetup
                0x08004132       0x46 ./Drivers/STM32F4xx_HAL_Driver/Src/stm32f4xx_ll_usb.o
                0x08004132                USB_ActivateSetup
 .text.USB_EP0_OutStart
                0x08004178       0xbc ./Drivers/STM32F4xx_HAL_Driver/Src/stm32f4xx_ll_usb.o
                0x08004178                USB_EP0_OutStart
 .text.USB_CoreReset
                0x08004234       0x62 ./Drivers/STM32F4xx_HAL_Driver/Src/stm32f4xx_ll_usb.o
 *fill*         0x08004296        0x2 
 .text.USBD_CUSTOM_HID_Init
                0x08004298      0x154 ./Middlewares/ST/STM32_USB_Device_Library/Class/CustomHID/Src/usbd_customhid.o
 .text.USBD_CUSTOM_HID_DeInit
                0x080043ec       0xf4 ./Middlewares/ST/STM32_USB_Device_Library/Class/CustomHID/Src/usbd_customhid.o
 .text.USBD_CUSTOM_HID_Setup
                0x080044e0      0x248 ./Middlewares/ST/STM32_USB_Device_Library/Class/CustomHID/Src/usbd_customhid.o
 .text.USBD_CUSTOM_HID_SendReport
                0x08004728       0x64 ./Middlewares/ST/STM32_USB_Device_Library/Class/CustomHID/Src/usbd_customhid.o
                0x08004728                USBD_CUSTOM_HID_SendReport
 .text.USBD_CUSTOM_HID_GetFSCfgDesc
                0x0800478c       0x64 ./Middlewares/ST/STM32_USB_Device_Library/Class/CustomHID/Src/usbd_customhid.o
 .text.USBD_CUSTOM_HID_GetHSCfgDesc
                0x080047f0       0x64 ./Middlewares/ST/STM32_USB_Device_Library/Class/CustomHID/Src/usbd_customhid.o
 .text.USBD_CUSTOM_HID_GetOtherSpeedCfgDesc
                0x08004854       0x64 ./Middlewares/ST/STM32_USB_Device_Library/Class/CustomHID/Src/usbd_customhid.o
 .text.USBD_CUSTOM_HID_DataIn
                0x080048b8       0x2c ./Middlewares/ST/STM32_USB_Device_Library/Class/CustomHID/Src/usbd_customhid.o
 .text.USBD_CUSTOM_HID_DataOut
                0x080048e4       0x5a ./Middlewares/ST/STM32_USB_Device_Library/Class/CustomHID/Src/usbd_customhid.o
 *fill*         0x0800493e        0x2 
 .text.USBD_CUSTOM_HID_ReceivePacket
                0x08004940       0x4c ./Middlewares/ST/STM32_USB_Device_Library/Class/CustomHID/Src/usbd_customhid.o
                0x08004940                USBD_CUSTOM_HID_ReceivePacket
 .text.USBD_CUSTOM_HID_EP0_RxReady
                0x0800498c       0x58 ./Middlewares/ST/STM32_USB_Device_Library/Class/CustomHID/Src/usbd_customhid.o
 .text.USBD_CUSTOM_HID_GetDeviceQualifierDesc
                0x080049e4       0x20 ./Middlewares/ST/STM32_USB_Device_Library/Class/CustomHID/Src/usbd_customhid.o
 .text.USBD_CUSTOM_HID_RegisterInterface
                0x08004a04       0x34 ./Middlewares/ST/STM32_USB_Device_Library/Class/CustomHID/Src/usbd_customhid.o
                0x08004a04                USBD_CUSTOM_HID_RegisterInterface
 .text.USBD_Init
                0x08004a38       0x60 ./Middlewares/ST/STM32_USB_Device_Library/Core/Src/usbd_core.o
                0x08004a38                USBD_Init
 .text.USBD_RegisterClass
                0x08004a98       0x6c ./Middlewares/ST/STM32_USB_Device_Library/Core/Src/usbd_core.o
                0x08004a98                USBD_RegisterClass
 .text.USBD_Start
                0x08004b04       0x18 ./Middlewares/ST/STM32_USB_Device_Library/Core/Src/usbd_core.o
                0x08004b04                USBD_Start
 .text.USBD_RunTestMode
                0x08004b1c       0x16 ./Middlewares/ST/STM32_USB_Device_Library/Core/Src/usbd_core.o
                0x08004b1c                USBD_RunTestMode
 .text.USBD_SetClassConfig
                0x08004b32       0x38 ./Middlewares/ST/STM32_USB_Device_Library/Core/Src/usbd_core.o
                0x08004b32                USBD_SetClassConfig
 .text.USBD_ClrClassConfig
                0x08004b6a       0x34 ./Middlewares/ST/STM32_USB_Device_Library/Core/Src/usbd_core.o
                0x08004b6a                USBD_ClrClassConfig
 .text.USBD_LL_SetupStage
                0x08004b9e       0xaa ./Middlewares/ST/STM32_USB_Device_Library/Core/Src/usbd_core.o
                0x08004b9e                USBD_LL_SetupStage
 .text.USBD_LL_DataOutStage
                0x08004c48      0x166 ./Middlewares/ST/STM32_USB_Device_Library/Core/Src/usbd_core.o
                0x08004c48                USBD_LL_DataOutStage
 .text.USBD_LL_DataInStage
                0x08004dae      0x164 ./Middlewares/ST/STM32_USB_Device_Library/Core/Src/usbd_core.o
                0x08004dae                USBD_LL_DataInStage
 .text.USBD_LL_Reset
                0x08004f12       0xa4 ./Middlewares/ST/STM32_USB_Device_Library/Core/Src/usbd_core.o
                0x08004f12                USBD_LL_Reset
 .text.USBD_LL_SetSpeed
                0x08004fb6       0x20 ./Middlewares/ST/STM32_USB_Device_Library/Core/Src/usbd_core.o
                0x08004fb6                USBD_LL_SetSpeed
 .text.USBD_LL_Suspend
                0x08004fd6       0x38 ./Middlewares/ST/STM32_USB_Device_Library/Core/Src/usbd_core.o
                0x08004fd6                USBD_LL_Suspend
 .text.USBD_LL_Resume
                0x0800500e       0x30 ./Middlewares/ST/STM32_USB_Device_Library/Core/Src/usbd_core.o
                0x0800500e                USBD_LL_Resume
 .text.USBD_LL_SOF
                0x0800503e       0x40 ./Middlewares/ST/STM32_USB_Device_Library/Core/Src/usbd_core.o
                0x0800503e                USBD_LL_SOF
 .text.USBD_LL_IsoINIncomplete
                0x0800507e       0x64 ./Middlewares/ST/STM32_USB_Device_Library/Core/Src/usbd_core.o
                0x0800507e                USBD_LL_IsoINIncomplete
 .text.USBD_LL_IsoOUTIncomplete
                0x080050e2       0x64 ./Middlewares/ST/STM32_USB_Device_Library/Core/Src/usbd_core.o
                0x080050e2                USBD_LL_IsoOUTIncomplete
 .text.USBD_LL_DevConnected
                0x08005146       0x16 ./Middlewares/ST/STM32_USB_Device_Library/Core/Src/usbd_core.o
                0x08005146                USBD_LL_DevConnected
 .text.USBD_LL_DevDisconnected
                0x0800515c       0x46 ./Middlewares/ST/STM32_USB_Device_Library/Core/Src/usbd_core.o
                0x0800515c                USBD_LL_DevDisconnected
 .text.USBD_CoreFindIF
                0x080051a2       0x1a ./Middlewares/ST/STM32_USB_Device_Library/Core/Src/usbd_core.o
                0x080051a2                USBD_CoreFindIF
 .text.USBD_CoreFindEP
                0x080051bc       0x1a ./Middlewares/ST/STM32_USB_Device_Library/Core/Src/usbd_core.o
                0x080051bc                USBD_CoreFindEP
 .text.USBD_GetEpDesc
                0x080051d6       0x70 ./Middlewares/ST/STM32_USB_Device_Library/Core/Src/usbd_core.o
                0x080051d6                USBD_GetEpDesc
 .text.USBD_GetNextDesc
                0x08005246       0x38 ./Middlewares/ST/STM32_USB_Device_Library/Core/Src/usbd_core.o
                0x08005246                USBD_GetNextDesc
 .text.SWAPBYTE
                0x0800527e       0x3c ./Middlewares/ST/STM32_USB_Device_Library/Core/Src/usbd_ctlreq.o
 *fill*         0x080052ba        0x2 
 .text.USBD_StdDevReq
                0x080052bc       0xe4 ./Middlewares/ST/STM32_USB_Device_Library/Core/Src/usbd_ctlreq.o
                0x080052bc                USBD_StdDevReq
 .text.USBD_StdItfReq
                0x080053a0       0xd8 ./Middlewares/ST/STM32_USB_Device_Library/Core/Src/usbd_ctlreq.o
                0x080053a0                USBD_StdItfReq
 .text.USBD_StdEPReq
                0x08005478      0x33a ./Middlewares/ST/STM32_USB_Device_Library/Core/Src/usbd_ctlreq.o
                0x08005478                USBD_StdEPReq
 *fill*         0x080057b2        0x2 
 .text.USBD_GetDescriptor
                0x080057b4      0x2d4 ./Middlewares/ST/STM32_USB_Device_Library/Core/Src/usbd_ctlreq.o
 .text.USBD_SetAddress
                0x08005a88       0x88 ./Middlewares/ST/STM32_USB_Device_Library/Core/Src/usbd_ctlreq.o
 .text.USBD_SetConfig
                0x08005b10      0x154 ./Middlewares/ST/STM32_USB_Device_Library/Core/Src/usbd_ctlreq.o
 .text.USBD_GetConfig
                0x08005c64       0x6c ./Middlewares/ST/STM32_USB_Device_Library/Core/Src/usbd_ctlreq.o
 .text.USBD_GetStatus
                0x08005cd0       0x68 ./Middlewares/ST/STM32_USB_Device_Library/Core/Src/usbd_ctlreq.o
 .text.USBD_SetFeature
                0x08005d38       0x52 ./Middlewares/ST/STM32_USB_Device_Library/Core/Src/usbd_ctlreq.o
 .text.USBD_ClrFeature
                0x08005d8a       0x44 ./Middlewares/ST/STM32_USB_Device_Library/Core/Src/usbd_ctlreq.o
 .text.USBD_ParseSetupRequest
                0x08005dce       0x74 ./Middlewares/ST/STM32_USB_Device_Library/Core/Src/usbd_ctlreq.o
                0x08005dce                USBD_ParseSetupRequest
 .text.USBD_CtlError
                0x08005e42       0x22 ./Middlewares/ST/STM32_USB_Device_Library/Core/Src/usbd_ctlreq.o
                0x08005e42                USBD_CtlError
 .text.USBD_GetString
                0x08005e64       0xa4 ./Middlewares/ST/STM32_USB_Device_Library/Core/Src/usbd_ctlreq.o
                0x08005e64                USBD_GetString
 .text.USBD_GetLen
                0x08005f08       0x34 ./Middlewares/ST/STM32_USB_Device_Library/Core/Src/usbd_ctlreq.o
 .text.USBD_CtlSendData
                0x08005f3c       0x36 ./Middlewares/ST/STM32_USB_Device_Library/Core/Src/usbd_ioreq.o
                0x08005f3c                USBD_CtlSendData
 .text.USBD_CtlContinueSendData
                0x08005f72       0x22 ./Middlewares/ST/STM32_USB_Device_Library/Core/Src/usbd_ioreq.o
                0x08005f72                USBD_CtlContinueSendData
 .text.USBD_CtlPrepareRx
                0x08005f94       0x3a ./Middlewares/ST/STM32_USB_Device_Library/Core/Src/usbd_ioreq.o
                0x08005f94                USBD_CtlPrepareRx
 .text.USBD_CtlContinueRx
                0x08005fce       0x22 ./Middlewares/ST/STM32_USB_Device_Library/Core/Src/usbd_ioreq.o
                0x08005fce                USBD_CtlContinueRx
 .text.USBD_CtlSendStatus
                0x08005ff0       0x26 ./Middlewares/ST/STM32_USB_Device_Library/Core/Src/usbd_ioreq.o
                0x08005ff0                USBD_CtlSendStatus
 .text.USBD_CtlReceiveStatus
                0x08006016       0x26 ./Middlewares/ST/STM32_USB_Device_Library/Core/Src/usbd_ioreq.o
                0x08006016                USBD_CtlReceiveStatus
 .text.MX_USB_DEVICE_Init
                0x0800603c       0x60 ./USB_DEVICE/App/usb_device.o
                0x0800603c                MX_USB_DEVICE_Init
 .text.CUSTOM_HID_Init_FS
                0x0800609c       0x10 ./USB_DEVICE/App/usbd_custom_hid_if.o
 .text.CUSTOM_HID_DeInit_FS
                0x080060ac       0x10 ./USB_DEVICE/App/usbd_custom_hid_if.o
 .text.CUSTOM_HID_OutEvent_FS
                0x080060bc       0x30 ./USB_DEVICE/App/usbd_custom_hid_if.o
 .text.USBD_CUSTOM_HID_SendReport_FS
                0x080060ec       0x28 ./USB_DEVICE/App/usbd_custom_hid_if.o
                0x080060ec                USBD_CUSTOM_HID_SendReport_FS
 .text.USBD_FS_DeviceDescriptor
                0x08006114       0x24 ./USB_DEVICE/App/usbd_desc.o
                0x08006114                USBD_FS_DeviceDescriptor
 .text.USBD_FS_LangIDStrDescriptor
                0x08006138       0x24 ./USB_DEVICE/App/usbd_desc.o
                0x08006138                USBD_FS_LangIDStrDescriptor
 .text.USBD_FS_ProductStrDescriptor
                0x0800615c       0x3c ./USB_DEVICE/App/usbd_desc.o
                0x0800615c                USBD_FS_ProductStrDescriptor
 .text.USBD_FS_ManufacturerStrDescriptor
                0x08006198       0x28 ./USB_DEVICE/App/usbd_desc.o
                0x08006198                USBD_FS_ManufacturerStrDescriptor
 .text.USBD_FS_SerialStrDescriptor
                0x080061c0       0x24 ./USB_DEVICE/App/usbd_desc.o
                0x080061c0                USBD_FS_SerialStrDescriptor
 .text.USBD_FS_ConfigStrDescriptor
                0x080061e4       0x3c ./USB_DEVICE/App/usbd_desc.o
                0x080061e4                USBD_FS_ConfigStrDescriptor
 .text.USBD_FS_InterfaceStrDescriptor
                0x08006220       0x3c ./USB_DEVICE/App/usbd_desc.o
                0x08006220                USBD_FS_InterfaceStrDescriptor
 .text.Get_SerialNum
                0x0800625c       0x58 ./USB_DEVICE/App/usbd_desc.o
 .text.IntToUnicode
                0x080062b4       0x7e ./USB_DEVICE/App/usbd_desc.o
 *fill*         0x08006332        0x2 
 .text.HAL_PCD_MspInit
                0x08006334       0xa8 ./USB_DEVICE/Target/usbd_conf.o
                0x08006334                HAL_PCD_MspInit
 .text.HAL_PCD_SetupStageCallback
                0x080063dc       0x24 ./USB_DEVICE/Target/usbd_conf.o
                0x080063dc                HAL_PCD_SetupStageCallback
 .text.HAL_PCD_DataOutStageCallback
                0x08006400       0x36 ./USB_DEVICE/Target/usbd_conf.o
                0x08006400                HAL_PCD_DataOutStageCallback
 .text.HAL_PCD_DataInStageCallback
                0x08006436       0x34 ./USB_DEVICE/Target/usbd_conf.o
                0x08006436                HAL_PCD_DataInStageCallback
 .text.HAL_PCD_SOFCallback
                0x0800646a       0x1c ./USB_DEVICE/Target/usbd_conf.o
                0x0800646a                HAL_PCD_SOFCallback
 .text.HAL_PCD_ResetCallback
                0x08006486       0x3c ./USB_DEVICE/Target/usbd_conf.o
                0x08006486                HAL_PCD_ResetCallback
 *fill*         0x080064c2        0x2 
 .text.HAL_PCD_SuspendCallback
                0x080064c4       0x4c ./USB_DEVICE/Target/usbd_conf.o
                0x080064c4                HAL_PCD_SuspendCallback
 .text.HAL_PCD_ResumeCallback
                0x08006510       0x1c ./USB_DEVICE/Target/usbd_conf.o
                0x08006510                HAL_PCD_ResumeCallback
 .text.HAL_PCD_ISOOUTIncompleteCallback
                0x0800652c       0x24 ./USB_DEVICE/Target/usbd_conf.o
                0x0800652c                HAL_PCD_ISOOUTIncompleteCallback
 .text.HAL_PCD_ISOINIncompleteCallback
                0x08006550       0x24 ./USB_DEVICE/Target/usbd_conf.o
                0x08006550                HAL_PCD_ISOINIncompleteCallback
 .text.HAL_PCD_ConnectCallback
                0x08006574       0x1c ./USB_DEVICE/Target/usbd_conf.o
                0x08006574                HAL_PCD_ConnectCallback
 .text.HAL_PCD_DisconnectCallback
                0x08006590       0x1c ./USB_DEVICE/Target/usbd_conf.o
                0x08006590                HAL_PCD_DisconnectCallback
 .text.USBD_LL_Init
                0x080065ac       0x98 ./USB_DEVICE/Target/usbd_conf.o
                0x080065ac                USBD_LL_Init
 .text.USBD_LL_Start
                0x08006644       0x36 ./USB_DEVICE/Target/usbd_conf.o
                0x08006644                USBD_LL_Start
 .text.USBD_LL_OpenEP
                0x0800667a       0x4c ./USB_DEVICE/Target/usbd_conf.o
                0x0800667a                USBD_LL_OpenEP
 .text.USBD_LL_CloseEP
                0x080066c6       0x3e ./USB_DEVICE/Target/usbd_conf.o
                0x080066c6                USBD_LL_CloseEP
 .text.USBD_LL_StallEP
                0x08006704       0x3e ./USB_DEVICE/Target/usbd_conf.o
                0x08006704                USBD_LL_StallEP
 .text.USBD_LL_ClearStallEP
                0x08006742       0x3e ./USB_DEVICE/Target/usbd_conf.o
                0x08006742                USBD_LL_ClearStallEP
 .text.USBD_LL_IsStallEP
                0x08006780       0x58 ./USB_DEVICE/Target/usbd_conf.o
                0x08006780                USBD_LL_IsStallEP
 .text.USBD_LL_SetUSBAddress
                0x080067d8       0x3e ./USB_DEVICE/Target/usbd_conf.o
                0x080067d8                USBD_LL_SetUSBAddress
 .text.USBD_LL_Transmit
                0x08006816       0x42 ./USB_DEVICE/Target/usbd_conf.o
                0x08006816                USBD_LL_Transmit
 .text.USBD_LL_PrepareReceive
                0x08006858       0x42 ./USB_DEVICE/Target/usbd_conf.o
                0x08006858                USBD_LL_PrepareReceive
 *fill*         0x0800689a        0x2 
 .text.USBD_static_malloc
                0x0800689c       0x1c ./USB_DEVICE/Target/usbd_conf.o
                0x0800689c                USBD_static_malloc
 .text.USBD_static_free
                0x080068b8       0x14 ./USB_DEVICE/Target/usbd_conf.o
                0x080068b8                USBD_static_free
 .text.USBD_Get_USB_Status
                0x080068cc       0x58 ./USB_DEVICE/Target/usbd_conf.o
                0x080068cc                USBD_Get_USB_Status
 .text.memset   0x08006924       0x10 C:/ST/STM32CubeIDE_1.17.0/STM32CubeIDE/plugins/com.st.stm32cube.ide.mcu.externaltools.gnu-tools-for-stm32.12.3.rel1.win32_1.1.0.202410251130/tools/bin/../lib/gcc/arm-none-eabi/12.3.1/../../../../arm-none-eabi/lib/thumb/v7e-m+fp/hard\libc_nano.a(libc_a-memset.o)
                0x08006924                memset
 .text.__libc_init_array
                0x08006934       0x48 C:/ST/STM32CubeIDE_1.17.0/STM32CubeIDE/plugins/com.st.stm32cube.ide.mcu.externaltools.gnu-tools-for-stm32.12.3.rel1.win32_1.1.0.202410251130/tools/bin/../lib/gcc/arm-none-eabi/12.3.1/../../../../arm-none-eabi/lib/thumb/v7e-m+fp/hard\libc_nano.a(libc_a-init.o)
                0x08006934                __libc_init_array
 *(.glue_7)
 .glue_7        0x0800697c        0x0 linker stubs
 *(.glue_7t)
 .glue_7t       0x0800697c        0x0 linker stubs
 *(.eh_frame)
 .eh_frame      0x0800697c        0x0 C:/ST/STM32CubeIDE_1.17.0/STM32CubeIDE/plugins/com.st.stm32cube.ide.mcu.externaltools.gnu-tools-for-stm32.12.3.rel1.win32_1.1.0.202410251130/tools/bin/../lib/gcc/arm-none-eabi/12.3.1/thumb/v7e-m+fp/hard/crtbegin.o
 *(.init)
 .init          0x0800697c        0x4 C:/ST/STM32CubeIDE_1.17.0/STM32CubeIDE/plugins/com.st.stm32cube.ide.mcu.externaltools.gnu-tools-for-stm32.12.3.rel1.win32_1.1.0.202410251130/tools/bin/../lib/gcc/arm-none-eabi/12.3.1/thumb/v7e-m+fp/hard/crti.o
                0x0800697c                _init
 .init          0x08006980        0x8 C:/ST/STM32CubeIDE_1.17.0/STM32CubeIDE/plugins/com.st.stm32cube.ide.mcu.externaltools.gnu-tools-for-stm32.12.3.rel1.win32_1.1.0.202410251130/tools/bin/../lib/gcc/arm-none-eabi/12.3.1/thumb/v7e-m+fp/hard/crtn.o
 *(.fini)
 .fini          0x08006988        0x4 C:/ST/STM32CubeIDE_1.17.0/STM32CubeIDE/plugins/com.st.stm32cube.ide.mcu.externaltools.gnu-tools-for-stm32.12.3.rel1.win32_1.1.0.202410251130/tools/bin/../lib/gcc/arm-none-eabi/12.3.1/thumb/v7e-m+fp/hard/crti.o
                0x08006988                _fini
 .fini          0x0800698c        0x8 C:/ST/STM32CubeIDE_1.17.0/STM32CubeIDE/plugins/com.st.stm32cube.ide.mcu.externaltools.gnu-tools-for-stm32.12.3.rel1.win32_1.1.0.202410251130/tools/bin/../lib/gcc/arm-none-eabi/12.3.1/thumb/v7e-m+fp/hard/crtn.o
                0x08006994                        . = ALIGN (0x4)
                0x08006994                        _etext = .

.vfp11_veneer   0x08006994        0x0
 .vfp11_veneer  0x08006994        0x0 linker stubs

.v4_bx          0x08006994        0x0
 .v4_bx         0x08006994        0x0 linker stubs

.iplt           0x08006994        0x0
 .iplt          0x08006994        0x0 C:/ST/STM32CubeIDE_1.17.0/STM32CubeIDE/plugins/com.st.stm32cube.ide.mcu.externaltools.gnu-tools-for-stm32.12.3.rel1.win32_1.1.0.202410251130/tools/bin/../lib/gcc/arm-none-eabi/12.3.1/thumb/v7e-m+fp/hard/crtbegin.o

.rodata         0x08006994       0x74
                0x08006994                        . = ALIGN (0x4)
 *(.rodata)
 .rodata        0x08006994       0x61 ./USB_DEVICE/App/usbd_desc.o
 *(.rodata*)
 *fill*         0x080069f5        0x3 
 .rodata.AHBPrescTable
                0x080069f8       0x10 ./Core/Src/system_stm32f4xx.o
                0x080069f8                AHBPrescTable
                0x08006a08                        . = ALIGN (0x4)

.ARM.extab      0x08006a08        0x0
                0x08006a08                        . = ALIGN (0x4)
 *(.ARM.extab* .gnu.linkonce.armextab.*)
                0x08006a08                        . = ALIGN (0x4)

.ARM            0x08006a08        0x8
                0x08006a08                        . = ALIGN (0x4)
                0x08006a08                        __exidx_start = .
 *(.ARM.exidx*)
 .ARM.exidx     0x08006a08        0x8 C:/ST/STM32CubeIDE_1.17.0/STM32CubeIDE/plugins/com.st.stm32cube.ide.mcu.externaltools.gnu-tools-for-stm32.12.3.rel1.win32_1.1.0.202410251130/tools/bin/../lib/gcc/arm-none-eabi/12.3.1/thumb/v7e-m+fp/hard\libgcc.a(_udivmoddi4.o)
                0x08006a10                        __exidx_end = .
                0x08006a10                        . = ALIGN (0x4)

.preinit_array  0x08006a10        0x0
                0x08006a10                        . = ALIGN (0x4)
                0x08006a10                        PROVIDE (__preinit_array_start = .)
 *(.preinit_array*)
                0x08006a10                        PROVIDE (__preinit_array_end = .)
                0x08006a10                        . = ALIGN (0x4)

.init_array     0x08006a10        0x4
                0x08006a10                        . = ALIGN (0x4)
                0x08006a10                        PROVIDE (__init_array_start = .)
 *(SORT_BY_NAME(.init_array.*))
 *(.init_array*)
 .init_array    0x08006a10        0x4 C:/ST/STM32CubeIDE_1.17.0/STM32CubeIDE/plugins/com.st.stm32cube.ide.mcu.externaltools.gnu-tools-for-stm32.12.3.rel1.win32_1.1.0.202410251130/tools/bin/../lib/gcc/arm-none-eabi/12.3.1/thumb/v7e-m+fp/hard/crtbegin.o
                0x08006a14                        PROVIDE (__init_array_end = .)
                0x08006a14                        . = ALIGN (0x4)

.fini_array     0x08006a14        0x4
                0x08006a14                        . = ALIGN (0x4)
                [!provide]                        PROVIDE (__fini_array_start = .)
 *(SORT_BY_NAME(.fini_array.*))
 *(.fini_array*)
 .fini_array    0x08006a14        0x4 C:/ST/STM32CubeIDE_1.17.0/STM32CubeIDE/plugins/com.st.stm32cube.ide.mcu.externaltools.gnu-tools-for-stm32.12.3.rel1.win32_1.1.0.202410251130/tools/bin/../lib/gcc/arm-none-eabi/12.3.1/thumb/v7e-m+fp/hard/crtbegin.o
                [!provide]                        PROVIDE (__fini_array_end = .)
                0x08006a18                        . = ALIGN (0x4)
                0x08006a18                        _sidata = LOADADDR (.data)

.rel.dyn        0x08006a18        0x0
 .rel.iplt      0x08006a18        0x0 C:/ST/STM32CubeIDE_1.17.0/STM32CubeIDE/plugins/com.st.stm32cube.ide.mcu.externaltools.gnu-tools-for-stm32.12.3.rel1.win32_1.1.0.202410251130/tools/bin/../lib/gcc/arm-none-eabi/12.3.1/thumb/v7e-m+fp/hard/crtbegin.o

.data           0x20000000      0x128 load address 0x08006a18
                0x20000000                        . = ALIGN (0x4)
                0x20000000                        _sdata = .
 *(.data)
 *(.data*)
 .data.SystemCoreClock
                0x20000000        0x4 ./Core/Src/system_stm32f4xx.o
                0x20000000                SystemCoreClock
 .data.uwTickPrio
                0x20000004        0x4 ./Drivers/STM32F4xx_HAL_Driver/Src/stm32f4xx_hal.o
                0x20000004                uwTickPrio
 .data.uwTickFreq
                0x20000008        0x1 ./Drivers/STM32F4xx_HAL_Driver/Src/stm32f4xx_hal.o
                0x20000008                uwTickFreq
 *fill*         0x20000009        0x3 
 .data.USBD_CUSTOM_HID
                0x2000000c       0x38 ./Middlewares/ST/STM32_USB_Device_Library/Class/CustomHID/Src/usbd_customhid.o
                0x2000000c                USBD_CUSTOM_HID
 .data.USBD_CUSTOM_HID_CfgDesc
                0x20000044       0x29 ./Middlewares/ST/STM32_USB_Device_Library/Class/CustomHID/Src/usbd_customhid.o
 *fill*         0x2000006d        0x3 
 .data.USBD_CUSTOM_HID_Desc
                0x20000070        0x9 ./Middlewares/ST/STM32_USB_Device_Library/Class/CustomHID/Src/usbd_customhid.o
 *fill*         0x20000079        0x3 
 .data.USBD_CUSTOM_HID_DeviceQualifierDesc
                0x2000007c        0xa ./Middlewares/ST/STM32_USB_Device_Library/Class/CustomHID/Src/usbd_customhid.o
 .data.CUSTOMHIDInEpAdd
                0x20000086        0x1 ./Middlewares/ST/STM32_USB_Device_Library/Class/CustomHID/Src/usbd_customhid.o
 .data.CUSTOMHIDOutEpAdd
                0x20000087        0x1 ./Middlewares/ST/STM32_USB_Device_Library/Class/CustomHID/Src/usbd_customhid.o
 .data.CUSTOM_HID_ReportDesc_FS
                0x20000088       0x3f ./USB_DEVICE/App/usbd_custom_hid_if.o
 *fill*         0x200000c7        0x1 
 .data.USBD_CustomHID_fops_FS
                0x200000c8       0x10 ./USB_DEVICE/App/usbd_custom_hid_if.o
                0x200000c8                USBD_CustomHID_fops_FS
 .data.FS_Desc  0x200000d8       0x1c ./USB_DEVICE/App/usbd_desc.o
                0x200000d8                FS_Desc
 .data.USBD_FS_DeviceDesc
                0x200000f4       0x12 ./USB_DEVICE/App/usbd_desc.o
                0x200000f4                USBD_FS_DeviceDesc
 *fill*         0x20000106        0x2 
 .data.USBD_LangIDDesc
                0x20000108        0x4 ./USB_DEVICE/App/usbd_desc.o
                0x20000108                USBD_LangIDDesc
 .data.USBD_StringSerial
                0x2000010c       0x1a ./USB_DEVICE/App/usbd_desc.o
                0x2000010c                USBD_StringSerial
 *(.RamFunc)
 *(.RamFunc*)
                0x20000128                        . = ALIGN (0x4)
 *fill*         0x20000126        0x2 
                0x20000128                        _edata = .

.igot.plt       0x20000128        0x0 load address 0x08006b40
 .igot.plt      0x20000128        0x0 C:/ST/STM32CubeIDE_1.17.0/STM32CubeIDE/plugins/com.st.stm32cube.ide.mcu.externaltools.gnu-tools-for-stm32.12.3.rel1.win32_1.1.0.202410251130/tools/bin/../lib/gcc/arm-none-eabi/12.3.1/thumb/v7e-m+fp/hard/crtbegin.o
                0x20000128                        . = ALIGN (0x4)

.bss            0x20000128      0xa00 load address 0x08006b40
                0x20000128                        _sbss = .
                0x20000128                        __bss_start__ = _sbss
 *(.bss)
 .bss           0x20000128       0x1c C:/ST/STM32CubeIDE_1.17.0/STM32CubeIDE/plugins/com.st.stm32cube.ide.mcu.externaltools.gnu-tools-for-stm32.12.3.rel1.win32_1.1.0.202410251130/tools/bin/../lib/gcc/arm-none-eabi/12.3.1/thumb/v7e-m+fp/hard/crtbegin.o
 *(.bss*)
 .bss.uwTick    0x20000144        0x4 ./Drivers/STM32F4xx_HAL_Driver/Src/stm32f4xx_hal.o
                0x20000144                uwTick
 .bss.cfgidx.0  0x20000148        0x1 ./Middlewares/ST/STM32_USB_Device_Library/Core/Src/usbd_ctlreq.o
 *fill*         0x20000149        0x3 
 .bss.hUsbDeviceFS
                0x2000014c      0x2dc ./USB_DEVICE/App/usb_device.o
                0x2000014c                hUsbDeviceFS
 .bss.USBD_StrDesc
                0x20000428      0x200 ./USB_DEVICE/App/usbd_desc.o
                0x20000428                USBD_StrDesc
 .bss.hpcd_USB_OTG_FS
                0x20000628      0x4e4 ./USB_DEVICE/Target/usbd_conf.o
                0x20000628                hpcd_USB_OTG_FS
 .bss.mem.0     0x20000b0c       0x1c ./USB_DEVICE/Target/usbd_conf.o
 *(COMMON)
                0x20000b28                        . = ALIGN (0x4)
                0x20000b28                        _ebss = .
                0x20000b28                        __bss_end__ = _ebss

._user_heap_stack
                0x20000b28      0x600 load address 0x08006b40
                0x20000b28                        . = ALIGN (0x8)
                [!provide]                        PROVIDE (end = .)
                0x20000b28                        PROVIDE (_end = .)
                0x20000d28                        . = (. + _Min_Heap_Size)
 *fill*         0x20000b28      0x200 
                0x20001128                        . = (. + _Min_Stack_Size)
 *fill*         0x20000d28      0x400 
                0x20001128                        . = ALIGN (0x8)

/DISCARD/
 libc.a(*)
 libm.a(*)
 libgcc.a(*)

.ARM.attributes
                0x00000000       0x30
 *(.ARM.attributes)
 .ARM.attributes
                0x00000000       0x22 C:/ST/STM32CubeIDE_1.17.0/STM32CubeIDE/plugins/com.st.stm32cube.ide.mcu.externaltools.gnu-tools-for-stm32.12.3.rel1.win32_1.1.0.202410251130/tools/bin/../lib/gcc/arm-none-eabi/12.3.1/thumb/v7e-m+fp/hard/crti.o
 .ARM.attributes
                0x00000022       0x34 C:/ST/STM32CubeIDE_1.17.0/STM32CubeIDE/plugins/com.st.stm32cube.ide.mcu.externaltools.gnu-tools-for-stm32.12.3.rel1.win32_1.1.0.202410251130/tools/bin/../lib/gcc/arm-none-eabi/12.3.1/thumb/v7e-m+fp/hard/crtbegin.o
 .ARM.attributes
                0x00000056       0x34 ./Core/Src/main.o
 .ARM.attributes
                0x0000008a       0x34 ./Core/Src/stm32f4xx_hal_msp.o
 .ARM.attributes
                0x000000be       0x34 ./Core/Src/stm32f4xx_it.o
 .ARM.attributes
                0x000000f2       0x34 ./Core/Src/system_stm32f4xx.o
 .ARM.attributes
                0x00000126       0x21 ./Core/Startup/startup_stm32f411ceux.o
 .ARM.attributes
                0x00000147       0x34 ./Drivers/STM32F4xx_HAL_Driver/Src/stm32f4xx_hal.o
 .ARM.attributes
                0x0000017b       0x34 ./Drivers/STM32F4xx_HAL_Driver/Src/stm32f4xx_hal_cortex.o
 .ARM.attributes
                0x000001af       0x34 ./Drivers/STM32F4xx_HAL_Driver/Src/stm32f4xx_hal_gpio.o
 .ARM.attributes
                0x000001e3       0x34 ./Drivers/STM32F4xx_HAL_Driver/Src/stm32f4xx_hal_pcd.o
 .ARM.attributes
                0x00000217       0x34 ./Drivers/STM32F4xx_HAL_Driver/Src/stm32f4xx_hal_pcd_ex.o
 .ARM.attributes
                0x0000024b       0x34 ./Drivers/STM32F4xx_HAL_Driver/Src/stm32f4xx_hal_rcc.o
 .ARM.attributes
                0x0000027f       0x34 ./Drivers/STM32F4xx_HAL_Driver/Src/stm32f4xx_ll_usb.o
 .ARM.attributes
                0x000002b3       0x34 ./Middlewares/ST/STM32_USB_Device_Library/Class/CustomHID/Src/usbd_customhid.o
 .ARM.attributes
                0x000002e7       0x34 ./Middlewares/ST/STM32_USB_Device_Library/Core/Src/usbd_core.o
 .ARM.attributes
                0x0000031b       0x34 ./Middlewares/ST/STM32_USB_Device_Library/Core/Src/usbd_ctlreq.o
 .ARM.attributes
                0x0000034f       0x34 ./Middlewares/ST/STM32_USB_Device_Library/Core/Src/usbd_ioreq.o
 .ARM.attributes
                0x00000383       0x34 ./USB_DEVICE/App/usb_device.o
 .ARM.attributes
                0x000003b7       0x34 ./USB_DEVICE/App/usbd_custom_hid_if.o
 .ARM.attributes
                0x000003eb       0x34 ./USB_DEVICE/App/usbd_desc.o
 .ARM.attributes
                0x0000041f       0x34 ./USB_DEVICE/Target/usbd_conf.o
 .ARM.attributes
                0x00000453       0x34 C:/ST/STM32CubeIDE_1.17.0/STM32CubeIDE/plugins/com.st.stm32cube.ide.mcu.externaltools.gnu-tools-for-stm32.12.3.rel1.win32_1.1.0.202410251130/tools/bin/../lib/gcc/arm-none-eabi/12.3.1/../../../../arm-none-eabi/lib/thumb/v7e-m+fp/hard\libc_nano.a(libc_a-memset.o)
 .ARM.attributes
                0x00000487       0x34 C:/ST/STM32CubeIDE_1.17.0/STM32CubeIDE/plugins/com.st.stm32cube.ide.mcu.externaltools.gnu-tools-for-stm32.12.3.rel1.win32_1.1.0.202410251130/tools/bin/../lib/gcc/arm-none-eabi/12.3.1/../../../../arm-none-eabi/lib/thumb/v7e-m+fp/hard\libc_nano.a(libc_a-init.o)
 .ARM.attributes
                0x000004bb       0x22 C:/ST/STM32CubeIDE_1.17.0/STM32CubeIDE/plugins/com.st.stm32cube.ide.mcu.externaltools.gnu-tools-for-stm32.12.3.rel1.win32_1.1.0.202410251130/tools/bin/../lib/gcc/arm-none-eabi/12.3.1/thumb/v7e-m+fp/hard\libgcc.a(_aeabi_uldivmod.o)
 .ARM.attributes
                0x000004dd       0x34 C:/ST/STM32CubeIDE_1.17.0/STM32CubeIDE/plugins/com.st.stm32cube.ide.mcu.externaltools.gnu-tools-for-stm32.12.3.rel1.win32_1.1.0.202410251130/tools/bin/../lib/gcc/arm-none-eabi/12.3.1/thumb/v7e-m+fp/hard\libgcc.a(_udivmoddi4.o)
 .ARM.attributes
                0x00000511       0x22 C:/ST/STM32CubeIDE_1.17.0/STM32CubeIDE/plugins/com.st.stm32cube.ide.mcu.externaltools.gnu-tools-for-stm32.12.3.rel1.win32_1.1.0.202410251130/tools/bin/../lib/gcc/arm-none-eabi/12.3.1/thumb/v7e-m+fp/hard\libgcc.a(_dvmd_tls.o)
 .ARM.attributes
                0x00000533       0x22 C:/ST/STM32CubeIDE_1.17.0/STM32CubeIDE/plugins/com.st.stm32cube.ide.mcu.externaltools.gnu-tools-for-stm32.12.3.rel1.win32_1.1.0.202410251130/tools/bin/../lib/gcc/arm-none-eabi/12.3.1/thumb/v7e-m+fp/hard/crtn.o
OUTPUT(CustomUSB.elf elf32-littlearm)
LOAD linker stubs
LOAD C:/ST/STM32CubeIDE_1.17.0/STM32CubeIDE/plugins/com.st.stm32cube.ide.mcu.externaltools.gnu-tools-for-stm32.12.3.rel1.win32_1.1.0.202410251130/tools/bin/../lib/gcc/arm-none-eabi/12.3.1/../../../../arm-none-eabi/lib/thumb/v7e-m+fp/hard\libc.a
LOAD C:/ST/STM32CubeIDE_1.17.0/STM32CubeIDE/plugins/com.st.stm32cube.ide.mcu.externaltools.gnu-tools-for-stm32.12.3.rel1.win32_1.1.0.202410251130/tools/bin/../lib/gcc/arm-none-eabi/12.3.1/../../../../arm-none-eabi/lib/thumb/v7e-m+fp/hard\libm.a
LOAD C:/ST/STM32CubeIDE_1.17.0/STM32CubeIDE/plugins/com.st.stm32cube.ide.mcu.externaltools.gnu-tools-for-stm32.12.3.rel1.win32_1.1.0.202410251130/tools/bin/../lib/gcc/arm-none-eabi/12.3.1/thumb/v7e-m+fp/hard\libgcc.a

.debug_info     0x00000000     0xcc27
 .debug_info    0x00000000      0x7ae ./Core/Src/main.o
 .debug_info    0x000007ae      0x291 ./Core/Src/stm32f4xx_hal_msp.o
 .debug_info    0x00000a3f      0x627 ./Core/Src/stm32f4xx_it.o
 .debug_info    0x00001066      0x53e ./Core/Src/system_stm32f4xx.o
 .debug_info    0x000015a4       0x30 ./Core/Startup/startup_stm32f411ceux.o
 .debug_info    0x000015d4      0x8c4 ./Drivers/STM32F4xx_HAL_Driver/Src/stm32f4xx_hal.o
 .debug_info    0x00001e98      0xcfc ./Drivers/STM32F4xx_HAL_Driver/Src/stm32f4xx_hal_cortex.o
 .debug_info    0x00002b94      0x6f9 ./Drivers/STM32F4xx_HAL_Driver/Src/stm32f4xx_hal_gpio.o
 .debug_info    0x0000328d     0x1577 ./Drivers/STM32F4xx_HAL_Driver/Src/stm32f4xx_hal_pcd.o
 .debug_info    0x00004804      0x6ea ./Drivers/STM32F4xx_HAL_Driver/Src/stm32f4xx_hal_pcd_ex.o
 .debug_info    0x00004eee      0x8f0 ./Drivers/STM32F4xx_HAL_Driver/Src/stm32f4xx_hal_rcc.o
 .debug_info    0x000057de     0x1993 ./Drivers/STM32F4xx_HAL_Driver/Src/stm32f4xx_ll_usb.o
 .debug_info    0x00007171      0xc53 ./Middlewares/ST/STM32_USB_Device_Library/Class/CustomHID/Src/usbd_customhid.o
 .debug_info    0x00007dc4      0xe05 ./Middlewares/ST/STM32_USB_Device_Library/Core/Src/usbd_core.o
 .debug_info    0x00008bc9      0xade ./Middlewares/ST/STM32_USB_Device_Library/Core/Src/usbd_ctlreq.o
 .debug_info    0x000096a7      0x755 ./Middlewares/ST/STM32_USB_Device_Library/Core/Src/usbd_ioreq.o
 .debug_info    0x00009dfc      0x6c4 ./USB_DEVICE/App/usb_device.o
 .debug_info    0x0000a4c0      0x70a ./USB_DEVICE/App/usbd_custom_hid_if.o
 .debug_info    0x0000abca      0x458 ./USB_DEVICE/App/usbd_desc.o
 .debug_info    0x0000b022     0x1c05 ./USB_DEVICE/Target/usbd_conf.o

.debug_abbrev   0x00000000     0x292f
 .debug_abbrev  0x00000000      0x248 ./Core/Src/main.o
 .debug_abbrev  0x00000248       0xd8 ./Core/Src/stm32f4xx_hal_msp.o
 .debug_abbrev  0x00000320      0x1a4 ./Core/Src/stm32f4xx_it.o
 .debug_abbrev  0x000004c4      0x11a ./Core/Src/system_stm32f4xx.o
 .debug_abbrev  0x000005de       0x24 ./Core/Startup/startup_stm32f411ceux.o
 .debug_abbrev  0x00000602      0x24b ./Drivers/STM32F4xx_HAL_Driver/Src/stm32f4xx_hal.o
 .debug_abbrev  0x0000084d      0x31d ./Drivers/STM32F4xx_HAL_Driver/Src/stm32f4xx_hal_cortex.o
 .debug_abbrev  0x00000b6a      0x1d3 ./Drivers/STM32F4xx_HAL_Driver/Src/stm32f4xx_hal_gpio.o
 .debug_abbrev  0x00000d3d      0x2b6 ./Drivers/STM32F4xx_HAL_Driver/Src/stm32f4xx_hal_pcd.o
 .debug_abbrev  0x00000ff3      0x1da ./Drivers/STM32F4xx_HAL_Driver/Src/stm32f4xx_hal_pcd_ex.o
 .debug_abbrev  0x000011cd      0x2b6 ./Drivers/STM32F4xx_HAL_Driver/Src/stm32f4xx_hal_rcc.o
 .debug_abbrev  0x00001483      0x2b3 ./Drivers/STM32F4xx_HAL_Driver/Src/stm32f4xx_ll_usb.o
 .debug_abbrev  0x00001736      0x2d0 ./Middlewares/ST/STM32_USB_Device_Library/Class/CustomHID/Src/usbd_customhid.o
 .debug_abbrev  0x00001a06      0x27c ./Middlewares/ST/STM32_USB_Device_Library/Core/Src/usbd_core.o
 .debug_abbrev  0x00001c82      0x26f ./Middlewares/ST/STM32_USB_Device_Library/Core/Src/usbd_ctlreq.o
 .debug_abbrev  0x00001ef1      0x19a ./Middlewares/ST/STM32_USB_Device_Library/Core/Src/usbd_ioreq.o
 .debug_abbrev  0x0000208b      0x194 ./USB_DEVICE/App/usb_device.o
 .debug_abbrev  0x0000221f      0x1f0 ./USB_DEVICE/App/usbd_custom_hid_if.o
 .debug_abbrev  0x0000240f      0x1e1 ./USB_DEVICE/App/usbd_desc.o
 .debug_abbrev  0x000025f0      0x33f ./USB_DEVICE/Target/usbd_conf.o

.debug_aranges  0x00000000      0xb38
 .debug_aranges
                0x00000000       0x40 ./Core/Src/main.o
 .debug_aranges
                0x00000040       0x20 ./Core/Src/stm32f4xx_hal_msp.o
 .debug_aranges
                0x00000060       0x68 ./Core/Src/stm32f4xx_it.o
 .debug_aranges
                0x000000c8       0x28 ./Core/Src/system_stm32f4xx.o
 .debug_aranges
                0x000000f0       0x28 ./Core/Startup/startup_stm32f411ceux.o
 .debug_aranges
                0x00000118       0xf0 ./Drivers/STM32F4xx_HAL_Driver/Src/stm32f4xx_hal.o
 .debug_aranges
                0x00000208      0x130 ./Drivers/STM32F4xx_HAL_Driver/Src/stm32f4xx_hal_cortex.o
 .debug_aranges
                0x00000338       0x58 ./Drivers/STM32F4xx_HAL_Driver/Src/stm32f4xx_hal_gpio.o
 .debug_aranges
                0x00000390      0x148 ./Drivers/STM32F4xx_HAL_Driver/Src/stm32f4xx_hal_pcd.o
 .debug_aranges
                0x000004d8       0x38 ./Drivers/STM32F4xx_HAL_Driver/Src/stm32f4xx_hal_pcd_ex.o
 .debug_aranges
                0x00000510       0x88 ./Drivers/STM32F4xx_HAL_Driver/Src/stm32f4xx_hal_rcc.o
 .debug_aranges
                0x00000598      0x1a0 ./Drivers/STM32F4xx_HAL_Driver/Src/stm32f4xx_ll_usb.o
 .debug_aranges
                0x00000738       0x80 ./Middlewares/ST/STM32_USB_Device_Library/Class/CustomHID/Src/usbd_customhid.o
 .debug_aranges
                0x000007b8       0xd8 ./Middlewares/ST/STM32_USB_Device_Library/Core/Src/usbd_core.o
 .debug_aranges
                0x00000890       0x90 ./Middlewares/ST/STM32_USB_Device_Library/Core/Src/usbd_ctlreq.o
 .debug_aranges
                0x00000920       0x50 ./Middlewares/ST/STM32_USB_Device_Library/Core/Src/usbd_ioreq.o
 .debug_aranges
                0x00000970       0x20 ./USB_DEVICE/App/usb_device.o
 .debug_aranges
                0x00000990       0x38 ./USB_DEVICE/App/usbd_custom_hid_if.o
 .debug_aranges
                0x000009c8       0x60 ./USB_DEVICE/App/usbd_desc.o
 .debug_aranges
                0x00000a28      0x110 ./USB_DEVICE/Target/usbd_conf.o

.debug_rnglists
                0x00000000      0x840
 .debug_rnglists
                0x00000000       0x2e ./Core/Src/main.o
 .debug_rnglists
                0x0000002e       0x13 ./Core/Src/stm32f4xx_hal_msp.o
 .debug_rnglists
                0x00000041       0x49 ./Core/Src/stm32f4xx_it.o
 .debug_rnglists
                0x0000008a       0x1a ./Core/Src/system_stm32f4xx.o
 .debug_rnglists
                0x000000a4       0x19 ./Core/Startup/startup_stm32f411ceux.o
 .debug_rnglists
                0x000000bd       0xaf ./Drivers/STM32F4xx_HAL_Driver/Src/stm32f4xx_hal.o
 .debug_rnglists
                0x0000016c       0xe0 ./Drivers/STM32F4xx_HAL_Driver/Src/stm32f4xx_hal_cortex.o
 .debug_rnglists
                0x0000024c       0x3f ./Drivers/STM32F4xx_HAL_Driver/Src/stm32f4xx_hal_gpio.o
 .debug_rnglists
                0x0000028b       0xfa ./Drivers/STM32F4xx_HAL_Driver/Src/stm32f4xx_hal_pcd.o
 .debug_rnglists
                0x00000385       0x26 ./Drivers/STM32F4xx_HAL_Driver/Src/stm32f4xx_hal_pcd_ex.o
 .debug_rnglists
                0x000003ab       0x66 ./Drivers/STM32F4xx_HAL_Driver/Src/stm32f4xx_hal_rcc.o
 .debug_rnglists
                0x00000411      0x147 ./Drivers/STM32F4xx_HAL_Driver/Src/stm32f4xx_ll_usb.o
 .debug_rnglists
                0x00000558       0x5e ./Middlewares/ST/STM32_USB_Device_Library/Class/CustomHID/Src/usbd_customhid.o
 .debug_rnglists
                0x000005b6       0xa1 ./Middlewares/ST/STM32_USB_Device_Library/Core/Src/usbd_core.o
 .debug_rnglists
                0x00000657       0x6e ./Middlewares/ST/STM32_USB_Device_Library/Core/Src/usbd_ctlreq.o
 .debug_rnglists
                0x000006c5       0x37 ./Middlewares/ST/STM32_USB_Device_Library/Core/Src/usbd_ioreq.o
 .debug_rnglists
                0x000006fc       0x13 ./USB_DEVICE/App/usb_device.o
 .debug_rnglists
                0x0000070f       0x25 ./USB_DEVICE/App/usbd_custom_hid_if.o
 .debug_rnglists
                0x00000734       0x43 ./USB_DEVICE/App/usbd_desc.o
 .debug_rnglists
                0x00000777       0xc9 ./USB_DEVICE/Target/usbd_conf.o

.debug_macro    0x00000000    0x17d53
 .debug_macro   0x00000000      0x395 ./Core/Src/main.o
 .debug_macro   0x00000395      0xab4 ./Core/Src/main.o
 .debug_macro   0x00000e49      0x295 ./Core/Src/main.o
 .debug_macro   0x000010de       0x2e ./Core/Src/main.o
 .debug_macro   0x0000110c       0x28 ./Core/Src/main.o
 .debug_macro   0x00001134       0x22 ./Core/Src/main.o
 .debug_macro   0x00001156       0x8e ./Core/Src/main.o
 .debug_macro   0x000011e4       0x51 ./Core/Src/main.o
 .debug_macro   0x00001235      0x103 ./Core/Src/main.o
 .debug_macro   0x00001338       0x6a ./Core/Src/main.o
 .debug_macro   0x000013a2      0x1df ./Core/Src/main.o
 .debug_macro   0x00001581       0x1c ./Core/Src/main.o
 .debug_macro   0x0000159d       0x22 ./Core/Src/main.o
 .debug_macro   0x000015bf       0xfb ./Core/Src/main.o
 .debug_macro   0x000016ba     0x1011 ./Core/Src/main.o
 .debug_macro   0x000026cb      0x11f ./Core/Src/main.o
 .debug_macro   0x000027ea     0xb953 ./Core/Src/main.o
 .debug_macro   0x0000e13d       0x6d ./Core/Src/main.o
 .debug_macro   0x0000e1aa     0x369a ./Core/Src/main.o
 .debug_macro   0x00011844      0x189 ./Core/Src/main.o
 .debug_macro   0x000119cd       0x5c ./Core/Src/main.o
 .debug_macro   0x00011a29      0x45c ./Core/Src/main.o
 .debug_macro   0x00011e85      0x9e9 ./Core/Src/main.o
 .debug_macro   0x0001286e      0x115 ./Core/Src/main.o
 .debug_macro   0x00012983      0x11b ./Core/Src/main.o
 .debug_macro   0x00012a9e       0xa5 ./Core/Src/main.o
 .debug_macro   0x00012b43      0x15f ./Core/Src/main.o
 .debug_macro   0x00012ca2      0x287 ./Core/Src/main.o
 .debug_macro   0x00012f29       0x5f ./Core/Src/main.o
 .debug_macro   0x00012f88      0x236 ./Core/Src/main.o
 .debug_macro   0x000131be      0x132 ./Core/Src/main.o
 .debug_macro   0x000132f0      0x264 ./Core/Src/main.o
 .debug_macro   0x00013554       0x2e ./Core/Src/main.o
 .debug_macro   0x00013582      0x127 ./Core/Src/main.o
 .debug_macro   0x000136a9       0x85 ./Core/Src/main.o
 .debug_macro   0x0001372e       0x89 ./Core/Src/main.o
 .debug_macro   0x000137b7      0x293 ./Core/Src/main.o
 .debug_macro   0x00013a4a       0xba ./Core/Src/main.o
 .debug_macro   0x00013b04      0x126 ./Core/Src/main.o
 .debug_macro   0x00013c2a       0x10 ./Core/Src/main.o
 .debug_macro   0x00013c3a       0x61 ./Core/Src/main.o
 .debug_macro   0x00013c9b       0x2a ./Core/Src/main.o
 .debug_macro   0x00013cc5       0x43 ./Core/Src/main.o
 .debug_macro   0x00013d08       0x34 ./Core/Src/main.o
 .debug_macro   0x00013d3c       0x16 ./Core/Src/main.o
 .debug_macro   0x00013d52       0x35 ./Core/Src/main.o
 .debug_macro   0x00013d87      0x369 ./Core/Src/main.o
 .debug_macro   0x000140f0       0x10 ./Core/Src/main.o
 .debug_macro   0x00014100       0x16 ./Core/Src/main.o
 .debug_macro   0x00014116       0x43 ./Core/Src/main.o
 .debug_macro   0x00014159       0x34 ./Core/Src/main.o
 .debug_macro   0x0001418d       0x10 ./Core/Src/main.o
 .debug_macro   0x0001419d       0x58 ./Core/Src/main.o
 .debug_macro   0x000141f5       0x8e ./Core/Src/main.o
 .debug_macro   0x00014283       0x1c ./Core/Src/main.o
 .debug_macro   0x0001429f      0x177 ./Core/Src/main.o
 .debug_macro   0x00014416       0x16 ./Core/Src/main.o
 .debug_macro   0x0001442c       0x16 ./Core/Src/main.o
 .debug_macro   0x00014442      0x146 ./Core/Src/main.o
 .debug_macro   0x00014588       0x16 ./Core/Src/main.o
 .debug_macro   0x0001459e       0x16 ./Core/Src/main.o
 .debug_macro   0x000145b4       0x29 ./Core/Src/main.o
 .debug_macro   0x000145dd       0x16 ./Core/Src/main.o
 .debug_macro   0x000145f3       0x20 ./Core/Src/main.o
 .debug_macro   0x00014613       0x78 ./Core/Src/main.o
 .debug_macro   0x0001468b      0x20f ./Core/Src/main.o
 .debug_macro   0x0001489a       0x65 ./Core/Src/main.o
 .debug_macro   0x000148ff      0x13c ./Core/Src/main.o
 .debug_macro   0x00014a3b      0x1e3 ./Core/Src/stm32f4xx_hal_msp.o
 .debug_macro   0x00014c1e      0x1ed ./Core/Src/stm32f4xx_it.o
 .debug_macro   0x00014e0b      0x1d4 ./Core/Src/system_stm32f4xx.o
 .debug_macro   0x00014fdf      0x234 ./Drivers/STM32F4xx_HAL_Driver/Src/stm32f4xx_hal.o
 .debug_macro   0x00015213      0x1d4 ./Drivers/STM32F4xx_HAL_Driver/Src/stm32f4xx_hal_cortex.o
 .debug_macro   0x000153e7      0x1da ./Drivers/STM32F4xx_HAL_Driver/Src/stm32f4xx_hal_gpio.o
 .debug_macro   0x000155c1      0x1e0 ./Drivers/STM32F4xx_HAL_Driver/Src/stm32f4xx_hal_pcd.o
 .debug_macro   0x000157a1      0x1d4 ./Drivers/STM32F4xx_HAL_Driver/Src/stm32f4xx_hal_pcd_ex.o
 .debug_macro   0x00015975      0x1f8 ./Drivers/STM32F4xx_HAL_Driver/Src/stm32f4xx_hal_rcc.o
 .debug_macro   0x00015b6d      0x1d4 ./Drivers/STM32F4xx_HAL_Driver/Src/stm32f4xx_ll_usb.o
 .debug_macro   0x00015d41      0x372 ./Middlewares/ST/STM32_USB_Device_Library/Class/CustomHID/Src/usbd_customhid.o
 .debug_macro   0x000160b3       0x9e ./Middlewares/ST/STM32_USB_Device_Library/Class/CustomHID/Src/usbd_customhid.o
 .debug_macro   0x00016151      0x10b ./Middlewares/ST/STM32_USB_Device_Library/Class/CustomHID/Src/usbd_customhid.o
 .debug_macro   0x0001625c       0x56 ./Middlewares/ST/STM32_USB_Device_Library/Class/CustomHID/Src/usbd_customhid.o
 .debug_macro   0x000162b2      0x359 ./Middlewares/ST/STM32_USB_Device_Library/Core/Src/usbd_core.o
 .debug_macro   0x0001660b      0x215 ./Middlewares/ST/STM32_USB_Device_Library/Core/Src/usbd_core.o
 .debug_macro   0x00016820      0x363 ./Middlewares/ST/STM32_USB_Device_Library/Core/Src/usbd_ctlreq.o
 .debug_macro   0x00016b83      0x35f ./Middlewares/ST/STM32_USB_Device_Library/Core/Src/usbd_ioreq.o
 .debug_macro   0x00016ee2      0x393 ./USB_DEVICE/App/usb_device.o
 .debug_macro   0x00017275       0x16 ./USB_DEVICE/App/usb_device.o
 .debug_macro   0x0001728b       0x22 ./USB_DEVICE/App/usb_device.o
 .debug_macro   0x000172ad      0x378 ./USB_DEVICE/App/usbd_custom_hid_if.o
 .debug_macro   0x00017625      0x39c ./USB_DEVICE/App/usbd_desc.o
 .debug_macro   0x000179c1       0x1c ./USB_DEVICE/App/usbd_desc.o
 .debug_macro   0x000179dd      0x376 ./USB_DEVICE/Target/usbd_conf.o

.debug_line     0x00000000     0xf44a
 .debug_line    0x00000000      0xb24 ./Core/Src/main.o
 .debug_line    0x00000b24      0x744 ./Core/Src/stm32f4xx_hal_msp.o
 .debug_line    0x00001268      0x81f ./Core/Src/stm32f4xx_it.o
 .debug_line    0x00001a87      0x7c9 ./Core/Src/system_stm32f4xx.o
 .debug_line    0x00002250       0x7a ./Core/Startup/startup_stm32f411ceux.o
 .debug_line    0x000022ca      0xa32 ./Drivers/STM32F4xx_HAL_Driver/Src/stm32f4xx_hal.o
 .debug_line    0x00002cfc      0xd24 ./Drivers/STM32F4xx_HAL_Driver/Src/stm32f4xx_hal_cortex.o
 .debug_line    0x00003a20      0xb82 ./Drivers/STM32F4xx_HAL_Driver/Src/stm32f4xx_hal_gpio.o
 .debug_line    0x000045a2     0x151b ./Drivers/STM32F4xx_HAL_Driver/Src/stm32f4xx_hal_pcd.o
 .debug_line    0x00005abd      0x80f ./Drivers/STM32F4xx_HAL_Driver/Src/stm32f4xx_hal_pcd_ex.o
 .debug_line    0x000062cc      0xdbb ./Drivers/STM32F4xx_HAL_Driver/Src/stm32f4xx_hal_rcc.o
 .debug_line    0x00007087     0x1db1 ./Drivers/STM32F4xx_HAL_Driver/Src/stm32f4xx_ll_usb.o
 .debug_line    0x00008e38      0xdcf ./Middlewares/ST/STM32_USB_Device_Library/Class/CustomHID/Src/usbd_customhid.o
 .debug_line    0x00009c07      0xf42 ./Middlewares/ST/STM32_USB_Device_Library/Core/Src/usbd_core.o
 .debug_line    0x0000ab49     0x1152 ./Middlewares/ST/STM32_USB_Device_Library/Core/Src/usbd_ctlreq.o
 .debug_line    0x0000bc9b      0xa5c ./Middlewares/ST/STM32_USB_Device_Library/Core/Src/usbd_ioreq.o
 .debug_line    0x0000c6f7      0xa2b ./USB_DEVICE/App/usb_device.o
 .debug_line    0x0000d122      0xa44 ./USB_DEVICE/App/usbd_custom_hid_if.o
 .debug_line    0x0000db66      0xae1 ./USB_DEVICE/App/usbd_desc.o
 .debug_line    0x0000e647      0xe03 ./USB_DEVICE/Target/usbd_conf.o

.debug_str      0x00000000    0x872a2
 .debug_str     0x00000000    0x83d4d ./Core/Src/main.o
                              0x8404d (size before relaxing)
 .debug_str     0x00083d4d       0x2c ./Core/Src/stm32f4xx_hal_msp.o
                              0x7f512 (size before relaxing)
 .debug_str     0x00083d79      0x49b ./Core/Src/stm32f4xx_it.o
                              0x7f8b9 (size before relaxing)
 .debug_str     0x00084214       0xdb ./Core/Src/system_stm32f4xx.o
                              0x7f58a (size before relaxing)
 .debug_str     0x000842ef       0x44 ./Core/Startup/startup_stm32f411ceux.o
                                 0x84 (size before relaxing)
 .debug_str     0x00084333      0x9b8 ./Drivers/STM32F4xx_HAL_Driver/Src/stm32f4xx_hal.o
                              0x7ffb6 (size before relaxing)
 .debug_str     0x00084ceb      0x39e ./Drivers/STM32F4xx_HAL_Driver/Src/stm32f4xx_hal_cortex.o
                              0x7fd20 (size before relaxing)
 .debug_str     0x00085089      0x11e ./Drivers/STM32F4xx_HAL_Driver/Src/stm32f4xx_hal_gpio.o
                              0x7f705 (size before relaxing)
 .debug_str     0x000851a7      0x831 ./Drivers/STM32F4xx_HAL_Driver/Src/stm32f4xx_hal_pcd.o
                              0x80056 (size before relaxing)
 .debug_str     0x000859d8      0x115 ./Drivers/STM32F4xx_HAL_Driver/Src/stm32f4xx_hal_pcd_ex.o
                              0x7f946 (size before relaxing)
 .debug_str     0x00085aed      0x21f ./Drivers/STM32F4xx_HAL_Driver/Src/stm32f4xx_hal_rcc.o
                              0x7f9be (size before relaxing)
 .debug_str     0x00085d0c      0x4b9 ./Drivers/STM32F4xx_HAL_Driver/Src/stm32f4xx_ll_usb.o
                              0x7ff31 (size before relaxing)
 .debug_str     0x000861c5      0x79c ./Middlewares/ST/STM32_USB_Device_Library/Class/CustomHID/Src/usbd_customhid.o
                              0x841cb (size before relaxing)
 .debug_str     0x00086961      0x357 ./Middlewares/ST/STM32_USB_Device_Library/Core/Src/usbd_core.o
                              0x83f65 (size before relaxing)
 .debug_str     0x00086cb8      0x139 ./Middlewares/ST/STM32_USB_Device_Library/Core/Src/usbd_ctlreq.o
                              0x83d90 (size before relaxing)
 .debug_str     0x00086df1       0x67 ./Middlewares/ST/STM32_USB_Device_Library/Core/Src/usbd_ioreq.o
                              0x83c65 (size before relaxing)
 .debug_str     0x00086e58       0xc6 ./USB_DEVICE/App/usb_device.o
                              0x83f0d (size before relaxing)
 .debug_str     0x00086f1e       0x89 ./USB_DEVICE/App/usbd_custom_hid_if.o
                              0x83eb7 (size before relaxing)
 .debug_str     0x00086fa7      0x288 ./USB_DEVICE/App/usbd_desc.o
                              0x83b7f (size before relaxing)
 .debug_str     0x0008722f       0x73 ./USB_DEVICE/Target/usbd_conf.o
                              0x84c1e (size before relaxing)

.comment        0x00000000       0x43
 .comment       0x00000000       0x43 ./Core/Src/main.o
                                 0x44 (size before relaxing)
 .comment       0x00000043       0x44 ./Core/Src/stm32f4xx_hal_msp.o
 .comment       0x00000043       0x44 ./Core/Src/stm32f4xx_it.o
 .comment       0x00000043       0x44 ./Core/Src/system_stm32f4xx.o
 .comment       0x00000043       0x44 ./Drivers/STM32F4xx_HAL_Driver/Src/stm32f4xx_hal.o
 .comment       0x00000043       0x44 ./Drivers/STM32F4xx_HAL_Driver/Src/stm32f4xx_hal_cortex.o
 .comment       0x00000043       0x44 ./Drivers/STM32F4xx_HAL_Driver/Src/stm32f4xx_hal_gpio.o
 .comment       0x00000043       0x44 ./Drivers/STM32F4xx_HAL_Driver/Src/stm32f4xx_hal_pcd.o
 .comment       0x00000043       0x44 ./Drivers/STM32F4xx_HAL_Driver/Src/stm32f4xx_hal_pcd_ex.o
 .comment       0x00000043       0x44 ./Drivers/STM32F4xx_HAL_Driver/Src/stm32f4xx_hal_rcc.o
 .comment       0x00000043       0x44 ./Drivers/STM32F4xx_HAL_Driver/Src/stm32f4xx_ll_usb.o
 .comment       0x00000043       0x44 ./Middlewares/ST/STM32_USB_Device_Library/Class/CustomHID/Src/usbd_customhid.o
 .comment       0x00000043       0x44 ./Middlewares/ST/STM32_USB_Device_Library/Core/Src/usbd_core.o
 .comment       0x00000043       0x44 ./Middlewares/ST/STM32_USB_Device_Library/Core/Src/usbd_ctlreq.o
 .comment       0x00000043       0x44 ./Middlewares/ST/STM32_USB_Device_Library/Core/Src/usbd_ioreq.o
 .comment       0x00000043       0x44 ./USB_DEVICE/App/usb_device.o
 .comment       0x00000043       0x44 ./USB_DEVICE/App/usbd_custom_hid_if.o
 .comment       0x00000043       0x44 ./USB_DEVICE/App/usbd_desc.o
 .comment       0x00000043       0x44 ./USB_DEVICE/Target/usbd_conf.o

.debug_frame    0x00000000     0x2c60
 .debug_frame   0x00000000       0xb4 ./Core/Src/main.o
 .debug_frame   0x000000b4       0x38 ./Core/Src/stm32f4xx_hal_msp.o
 .debug_frame   0x000000ec      0x120 ./Core/Src/stm32f4xx_it.o
 .debug_frame   0x0000020c       0x58 ./Core/Src/system_stm32f4xx.o
 .debug_frame   0x00000264      0x374 ./Drivers/STM32F4xx_HAL_Driver/Src/stm32f4xx_hal.o
 .debug_frame   0x000005d8      0x508 ./Drivers/STM32F4xx_HAL_Driver/Src/stm32f4xx_hal_cortex.o
 .debug_frame   0x00000ae0      0x14c ./Drivers/STM32F4xx_HAL_Driver/Src/stm32f4xx_hal_gpio.o
 .debug_frame   0x00000c2c      0x5b8 ./Drivers/STM32F4xx_HAL_Driver/Src/stm32f4xx_hal_pcd.o
 .debug_frame   0x000011e4       0xb0 ./Drivers/STM32F4xx_HAL_Driver/Src/stm32f4xx_hal_pcd_ex.o
 .debug_frame   0x00001294      0x1f4 ./Drivers/STM32F4xx_HAL_Driver/Src/stm32f4xx_hal_rcc.o
 .debug_frame   0x00001488      0x7c0 ./Drivers/STM32F4xx_HAL_Driver/Src/stm32f4xx_ll_usb.o
 .debug_frame   0x00001c48      0x1f4 ./Middlewares/ST/STM32_USB_Device_Library/Class/CustomHID/Src/usbd_customhid.o
 .debug_frame   0x00001e3c      0x390 ./Middlewares/ST/STM32_USB_Device_Library/Core/Src/usbd_core.o
 .debug_frame   0x000021cc      0x23c ./Middlewares/ST/STM32_USB_Device_Library/Core/Src/usbd_ctlreq.o
 .debug_frame   0x00002408      0x10c ./Middlewares/ST/STM32_USB_Device_Library/Core/Src/usbd_ioreq.o
 .debug_frame   0x00002514       0x2c ./USB_DEVICE/App/usb_device.o
 .debug_frame   0x00002540       0x98 ./USB_DEVICE/App/usbd_custom_hid_if.o
 .debug_frame   0x000025d8      0x160 ./USB_DEVICE/App/usbd_desc.o
 .debug_frame   0x00002738      0x47c ./USB_DEVICE/Target/usbd_conf.o
 .debug_frame   0x00002bb4       0x20 C:/ST/STM32CubeIDE_1.17.0/STM32CubeIDE/plugins/com.st.stm32cube.ide.mcu.externaltools.gnu-tools-for-stm32.12.3.rel1.win32_1.1.0.202410251130/tools/bin/../lib/gcc/arm-none-eabi/12.3.1/../../../../arm-none-eabi/lib/thumb/v7e-m+fp/hard\libc_nano.a(libc_a-memset.o)
 .debug_frame   0x00002bd4       0x2c C:/ST/STM32CubeIDE_1.17.0/STM32CubeIDE/plugins/com.st.stm32cube.ide.mcu.externaltools.gnu-tools-for-stm32.12.3.rel1.win32_1.1.0.202410251130/tools/bin/../lib/gcc/arm-none-eabi/12.3.1/../../../../arm-none-eabi/lib/thumb/v7e-m+fp/hard\libc_nano.a(libc_a-init.o)
 .debug_frame   0x00002c00       0x2c C:/ST/STM32CubeIDE_1.17.0/STM32CubeIDE/plugins/com.st.stm32cube.ide.mcu.externaltools.gnu-tools-for-stm32.12.3.rel1.win32_1.1.0.202410251130/tools/bin/../lib/gcc/arm-none-eabi/12.3.1/thumb/v7e-m+fp/hard\libgcc.a(_aeabi_uldivmod.o)
 .debug_frame   0x00002c2c       0x34 C:/ST/STM32CubeIDE_1.17.0/STM32CubeIDE/plugins/com.st.stm32cube.ide.mcu.externaltools.gnu-tools-for-stm32.12.3.rel1.win32_1.1.0.202410251130/tools/bin/../lib/gcc/arm-none-eabi/12.3.1/thumb/v7e-m+fp/hard\libgcc.a(_udivmoddi4.o)

.debug_line_str
                0x00000000       0x68
 .debug_line_str
                0x00000000       0x68 ./Core/Startup/startup_stm32f411ceux.o
